Archive member included to satisfy reference by file (symbol)

/Applications/STM32CubeIDE.app/Contents/Eclipse/plugins/com.st.stm32cube.ide.mcu.externaltools.gnu-tools-for-stm32.9-2020-q2-update.macos64_2.0.0.202105311346/tools/bin/../lib/gcc/arm-none-eabi/9.3.1/../../../../arm-none-eabi/lib/thumb/v7e-m/nofp/libc_nano.a(lib_a-errno.o)
                              ./Core/Src/syscalls.o (__errno)
/Applications/STM32CubeIDE.app/Contents/Eclipse/plugins/com.st.stm32cube.ide.mcu.externaltools.gnu-tools-for-stm32.9-2020-q2-update.macos64_2.0.0.202105311346/tools/bin/../lib/gcc/arm-none-eabi/9.3.1/../../../../arm-none-eabi/lib/thumb/v7e-m/nofp/libc_nano.a(lib_a-exit.o)
                              /Applications/STM32CubeIDE.app/Contents/Eclipse/plugins/com.st.stm32cube.ide.mcu.externaltools.gnu-tools-for-stm32.9-2020-q2-update.macos64_2.0.0.202105311346/tools/bin/../lib/gcc/arm-none-eabi/9.3.1/../../../../arm-none-eabi/lib/thumb/v7e-m/nofp/crt0.o (exit)
/Applications/STM32CubeIDE.app/Contents/Eclipse/plugins/com.st.stm32cube.ide.mcu.externaltools.gnu-tools-for-stm32.9-2020-q2-update.macos64_2.0.0.202105311346/tools/bin/../lib/gcc/arm-none-eabi/9.3.1/../../../../arm-none-eabi/lib/thumb/v7e-m/nofp/libc_nano.a(lib_a-findfp.o)
                              ./Middlewares/Third_Party/FreeRTOS/Source/tasks.o (__sf_fake_stderr)
/Applications/STM32CubeIDE.app/Contents/Eclipse/plugins/com.st.stm32cube.ide.mcu.externaltools.gnu-tools-for-stm32.9-2020-q2-update.macos64_2.0.0.202105311346/tools/bin/../lib/gcc/arm-none-eabi/9.3.1/../../../../arm-none-eabi/lib/thumb/v7e-m/nofp/libc_nano.a(lib_a-fwalk.o)
                              /Applications/STM32CubeIDE.app/Contents/Eclipse/plugins/com.st.stm32cube.ide.mcu.externaltools.gnu-tools-for-stm32.9-2020-q2-update.macos64_2.0.0.202105311346/tools/bin/../lib/gcc/arm-none-eabi/9.3.1/../../../../arm-none-eabi/lib/thumb/v7e-m/nofp/libc_nano.a(lib_a-findfp.o) (_fwalk)
/Applications/STM32CubeIDE.app/Contents/Eclipse/plugins/com.st.stm32cube.ide.mcu.externaltools.gnu-tools-for-stm32.9-2020-q2-update.macos64_2.0.0.202105311346/tools/bin/../lib/gcc/arm-none-eabi/9.3.1/../../../../arm-none-eabi/lib/thumb/v7e-m/nofp/libc_nano.a(lib_a-impure.o)
                              /Applications/STM32CubeIDE.app/Contents/Eclipse/plugins/com.st.stm32cube.ide.mcu.externaltools.gnu-tools-for-stm32.9-2020-q2-update.macos64_2.0.0.202105311346/tools/bin/../lib/gcc/arm-none-eabi/9.3.1/../../../../arm-none-eabi/lib/thumb/v7e-m/nofp/libc_nano.a(lib_a-exit.o) (_global_impure_ptr)
/Applications/STM32CubeIDE.app/Contents/Eclipse/plugins/com.st.stm32cube.ide.mcu.externaltools.gnu-tools-for-stm32.9-2020-q2-update.macos64_2.0.0.202105311346/tools/bin/../lib/gcc/arm-none-eabi/9.3.1/../../../../arm-none-eabi/lib/thumb/v7e-m/nofp/libc_nano.a(lib_a-init.o)
                              /Applications/STM32CubeIDE.app/Contents/Eclipse/plugins/com.st.stm32cube.ide.mcu.externaltools.gnu-tools-for-stm32.9-2020-q2-update.macos64_2.0.0.202105311346/tools/bin/../lib/gcc/arm-none-eabi/9.3.1/../../../../arm-none-eabi/lib/thumb/v7e-m/nofp/crt0.o (__libc_init_array)
/Applications/STM32CubeIDE.app/Contents/Eclipse/plugins/com.st.stm32cube.ide.mcu.externaltools.gnu-tools-for-stm32.9-2020-q2-update.macos64_2.0.0.202105311346/tools/bin/../lib/gcc/arm-none-eabi/9.3.1/../../../../arm-none-eabi/lib/thumb/v7e-m/nofp/libc_nano.a(lib_a-lock.o)
                              /Applications/STM32CubeIDE.app/Contents/Eclipse/plugins/com.st.stm32cube.ide.mcu.externaltools.gnu-tools-for-stm32.9-2020-q2-update.macos64_2.0.0.202105311346/tools/bin/../lib/gcc/arm-none-eabi/9.3.1/../../../../arm-none-eabi/lib/thumb/v7e-m/nofp/libc_nano.a(lib_a-findfp.o) (__retarget_lock_init_recursive)
/Applications/STM32CubeIDE.app/Contents/Eclipse/plugins/com.st.stm32cube.ide.mcu.externaltools.gnu-tools-for-stm32.9-2020-q2-update.macos64_2.0.0.202105311346/tools/bin/../lib/gcc/arm-none-eabi/9.3.1/../../../../arm-none-eabi/lib/thumb/v7e-m/nofp/libc_nano.a(lib_a-memcpy-stub.o)
                              ./Middlewares/Third_Party/FreeRTOS/Source/CMSIS_RTOS_V2/cmsis_os2.o (memcpy)
/Applications/STM32CubeIDE.app/Contents/Eclipse/plugins/com.st.stm32cube.ide.mcu.externaltools.gnu-tools-for-stm32.9-2020-q2-update.macos64_2.0.0.202105311346/tools/bin/../lib/gcc/arm-none-eabi/9.3.1/../../../../arm-none-eabi/lib/thumb/v7e-m/nofp/libc_nano.a(lib_a-memset.o)
                              /Applications/STM32CubeIDE.app/Contents/Eclipse/plugins/com.st.stm32cube.ide.mcu.externaltools.gnu-tools-for-stm32.9-2020-q2-update.macos64_2.0.0.202105311346/tools/bin/../lib/gcc/arm-none-eabi/9.3.1/../../../../arm-none-eabi/lib/thumb/v7e-m/nofp/crt0.o (memset)
/Applications/STM32CubeIDE.app/Contents/Eclipse/plugins/com.st.stm32cube.ide.mcu.externaltools.gnu-tools-for-stm32.9-2020-q2-update.macos64_2.0.0.202105311346/tools/bin/../lib/gcc/arm-none-eabi/9.3.1/../../../../arm-none-eabi/lib/thumb/v7e-m/nofp/libc_nano.a(lib_a-nano-mallocr.o)
[...]
Memory Configuration

Name             Origin             Length             Attributes
RAM              0x0000000020000000 0x0000000000010000 xrw
RAM2             0x0000000010000000 0x0000000000008000 xrw
FLASH            0x0000000008000000 0x0000000000040000 xr
*default*        0x0000000000000000 0xffffffffffffffff

Linker script and memory map

LOAD /Applications/STM32CubeIDE.app/Contents/Eclipse/plugins/com.st.stm32cube.ide.mcu.externaltools.gnu-tools-for-stm32.9-2020-q2-update.macos64_2.0.0.202105311346/tools/bin/../lib/gcc/arm-none-eabi/9.3.1/thumb/v7e-m/nofp/crti.o
LOAD /Applications/STM32CubeIDE.app/Contents/Eclipse/plugins/com.st.stm32cube.ide.mcu.externaltools.gnu-tools-for-stm32.9-2020-q2-update.macos64_2.0.0.202105311346/tools/bin/../lib/gcc/arm-none-eabi/9.3.1/thumb/v7e-m/nofp/crtbegin.o
LOAD /Applications/STM32CubeIDE.app/Contents/Eclipse/plugins/com.st.stm32cube.ide.mcu.externaltools.gnu-tools-for-stm32.9-2020-q2-update.macos64_2.0.0.202105311346/tools/bin/../lib/gcc/arm-none-eabi/9.3.1/../../../../arm-none-eabi/lib/thumb/v7e-m/nofp/crt0.o
LOAD ./Core/Src/app_freertos.o
LOAD ./Core/Src/main.o
LOAD ./Core/Src/radio_pin_manager.o
LOAD ./Core/Src/stm32_adv_trace_if.o
LOAD ./Core/Src/stm32_lpm_if.o
LOAD ./Core/Src/stm32wlxx_hal_msp.o
LOAD ./Core/Src/stm32wlxx_hal_timebase_tim.o
LOAD ./Core/Src/stm32wlxx_it.o
LOAD ./Core/Src/sys_app.o
LOAD ./Core/Src/syscalls.o
LOAD ./Core/Src/sysmem.o
LOAD ./Core/Src/system_stm32wlxx.o
LOAD ./Core/Src/timer_if.o
LOAD ./Core/Startup/startup_stm32wl55ccux.o
LOAD ./Drivers/STM32WLxx_HAL_Driver/Src/stm32wlxx_hal.o
LOAD ./Drivers/STM32WLxx_HAL_Driver/Src/stm32wlxx_hal_adc.o
LOAD ./Drivers/STM32WLxx_HAL_Driver/Src/stm32wlxx_hal_adc_ex.o
LOAD ./Drivers/STM32WLxx_HAL_Driver/Src/stm32wlxx_hal_cortex.o
LOAD ./Drivers/STM32WLxx_HAL_Driver/Src/stm32wlxx_hal_dma.o
LOAD ./Drivers/STM32WLxx_HAL_Driver/Src/stm32wlxx_hal_dma_ex.o
LOAD ./Drivers/STM32WLxx_HAL_Driver/Src/stm32wlxx_hal_exti.o
LOAD ./Drivers/STM32WLxx_HAL_Driver/Src/stm32wlxx_hal_flash.o
LOAD ./Drivers/STM32WLxx_HAL_Driver/Src/stm32wlxx_hal_flash_ex.o
LOAD ./Drivers/STM32WLxx_HAL_Driver/Src/stm32wlxx_hal_gpio.o
LOAD ./Drivers/STM32WLxx_HAL_Driver/Src/stm32wlxx_hal_i2c.o
LOAD ./Drivers/STM32WLxx_HAL_Driver/Src/stm32wlxx_hal_i2c_ex.o
LOAD ./Drivers/STM32WLxx_HAL_Driver/Src/stm32wlxx_hal_pwr.o
LOAD ./Drivers/STM32WLxx_HAL_Driver/Src/stm32wlxx_hal_pwr_ex.o
LOAD ./Drivers/STM32WLxx_HAL_Driver/Src/stm32wlxx_hal_rcc.o
LOAD ./Drivers/STM32WLxx_HAL_Driver/Src/stm32wlxx_hal_rcc_ex.o
LOAD ./Drivers/STM32WLxx_HAL_Driver/Src/stm32wlxx_hal_subghz.o
LOAD ./Drivers/STM32WLxx_HAL_Driver/Src/stm32wlxx_hal_tim.o
LOAD ./Drivers/STM32WLxx_HAL_Driver/Src/stm32wlxx_hal_tim_ex.o
LOAD ./Drivers/STM32WLxx_HAL_Driver/Src/stm32wlxx_hal_uart.o
LOAD ./Drivers/STM32WLxx_HAL_Driver/Src/stm32wlxx_hal_uart_ex.o
LOAD ./Drivers/STM32WLxx_HAL_Driver/Src/stm32wlxx_ll_adc.o
LOAD ./Middlewares/Third_Party/FreeRTOS/Source/CMSIS_RTOS_V2/cmsis_os2.o
LOAD ./Middlewares/Third_Party/FreeRTOS/Source/croutine.o
LOAD ./Middlewares/Third_Party/FreeRTOS/Source/event_groups.o
LOAD ./Middlewares/Third_Party/FreeRTOS/Source/list.o
LOAD ./Middlewares/Third_Party/FreeRTOS/Source/queue.o
LOAD ./Middlewares/Third_Party/FreeRTOS/Source/stream_buffer.o
LOAD ./Middlewares/Third_Party/FreeRTOS/Source/tasks.o
LOAD ./Middlewares/Third_Party/FreeRTOS/Source/timers.o
LOAD ./Middlewares/Third_Party/FreeRTOS/Source/portable/GCC/ARM_CM3/port.o
LOAD ./Middlewares/Third_Party/FreeRTOS/Source/portable/MemMang/heap_4.o
LOAD ./Middlewares/Third_Party/SubGHz_Phy/stm32_radio_driver/radio.o
LOAD ./Middlewares/Third_Party/SubGHz_Phy/stm32_radio_driver/radio_driver.o
LOAD ./Middlewares/Third_Party/SubGHz_Phy/stm32_radio_driver/radio_fw.o
LOAD ./SubGHz_Phy/App/app_subghz_phy.o
LOAD ./SubGHz_Phy/App/subghz_phy_app.o
LOAD ./SubGHz_Phy/Target/radio_board_if.o
LOAD ./Utilities/lpm/tiny_lpm/stm32_lpm.o
LOAD ./Utilities/misc/stm32_mem.o
LOAD ./Utilities/misc/stm32_systime.o
LOAD ./Utilities/misc/stm32_tiny_sscanf.o
LOAD ./Utilities/misc/stm32_tiny_vsnprintf.o
LOAD ./Utilities/timer/stm32_timer.o
LOAD ./Utilities/trace/adv_trace/stm32_adv_trace.o
START GROUP
LOAD /Applications/STM32CubeIDE.app/Contents/Eclipse/plugins/com.st.stm32cube.ide.mcu.externaltools.gnu-tools-for-stm32.9-2020-q2-update.macos64_2.0.0.202105311346/tools/bin/../lib/gcc/arm-none-eabi/9.3.1/../../../../arm-none-eabi/lib/thumb/v7e-m/nofp/libc_nano.a
LOAD /Applications/STM32CubeIDE.app/Contents/Eclipse/plugins/com.st.stm32cube.ide.mcu.externaltools.gnu-tools-for-stm32.9-2020-q2-update.macos64_2.0.0.202105311346/tools/bin/../lib/gcc/arm-none-eabi/9.3.1/../../../../arm-none-eabi/lib/thumb/v7e-m/nofp/libm.a
END GROUP
START GROUP
LOAD /Applications/STM32CubeIDE.app/Contents/Eclipse/plugins/com.st.stm32cube.ide.mcu.externaltools.gnu-tools-for-stm32.9-2020-q2-update.macos64_2.0.0.202105311346/tools/bin/../lib/gcc/arm-none-eabi/9.3.1/thumb/v7e-m/nofp/libgcc.a
LOAD /Applications/STM32CubeIDE.app/Contents/Eclipse/plugins/com.st.stm32cube.ide.mcu.externaltools.gnu-tools-for-stm32.9-2020-q2-update.macos64_2.0.0.202105311346/tools/bin/../lib/gcc/arm-none-eabi/9.3.1/../../../../arm-none-eabi/lib/thumb/v7e-m/nofp/libc_nano.a
END GROUP
START GROUP
LOAD /Applications/STM32CubeIDE.app/Contents/Eclipse/plugins/com.st.stm32cube.ide.mcu.externaltools.gnu-tools-for-stm32.9-2020-q2-update.macos64_2.0.0.202105311346/tools/bin/../lib/gcc/arm-none-eabi/9.3.1/thumb/v7e-m/nofp/libgcc.a
LOAD /Applications/STM32CubeIDE.app/Contents/Eclipse/plugins/com.st.stm32cube.ide.mcu.externaltools.gnu-tools-for-stm32.9-2020-q2-update.macos64_2.0.0.202105311346/tools/bin/../lib/gcc/arm-none-eabi/9.3.1/../../../../arm-none-eabi/lib/thumb/v7e-m/nofp/libc_nano.a
LOAD /Applications/STM32CubeIDE.app/Contents/Eclipse/plugins/com.st.stm32cube.ide.mcu.externaltools.gnu-tools-for-stm32.9-2020-q2-update.macos64_2.0.0.202105311346/tools/bin/../lib/gcc/arm-none-eabi/9.3.1/../../../../arm-none-eabi/lib/thumb/v7e-m/nofp/libnosys.a
END GROUP
START GROUP
LOAD /Applications/STM32CubeIDE.app/Contents/Eclipse/plugins/com.st.stm32cube.ide.mcu.externaltools.gnu-tools-for-stm32.9-2020-q2-update.macos64_2.0.0.202105311346/tools/bin/../lib/gcc/arm-none-eabi/9.3.1/thumb/v7e-m/nofp/libgcc.a
LOAD /Applications/STM32CubeIDE.app/Contents/Eclipse/plugins/com.st.stm32cube.ide.mcu.externaltools.gnu-tools-for-stm32.9-2020-q2-update.macos64_2.0.0.202105311346/tools/bin/../lib/gcc/arm-none-eabi/9.3.1/../../../../arm-none-eabi/lib/thumb/v7e-m/nofp/libc_nano.a
LOAD /Applications/STM32CubeIDE.app/Contents/Eclipse/plugins/com.st.stm32cube.ide.mcu.externaltools.gnu-tools-for-stm32.9-2020-q2-update.macos64_2.0.0.202105311346/tools/bin/../lib/gcc/arm-none-eabi/9.3.1/../../../../arm-none-eabi/lib/thumb/v7e-m/nofp/libnosys.a
END GROUP
LOAD /Applications/STM32CubeIDE.app/Contents/Eclipse/plugins/com.st.stm32cube.ide.mcu.externaltools.gnu-tools-for-stm32.9-2020-q2-update.macos64_2.0.0.202105311346/tools/bin/../lib/gcc/arm-none-eabi/9.3.1/thumb/v7e-m/nofp/crtend.o
LOAD /Applications/STM32CubeIDE.app/Contents/Eclipse/plugins/com.st.stm32cube.ide.mcu.externaltools.gnu-tools-for-stm32.9-2020-q2-update.macos64_2.0.0.202105311346/tools/bin/../lib/gcc/arm-none-eabi/9.3.1/thumb/v7e-m/nofp/crtn.o
                0x0000000020010000                _estack = (ORIGIN (RAM) + LENGTH (RAM))
                0x0000000000000200                _Min_Heap_Size = 0x200
                0x0000000000000400                _Min_Stack_Size = 0x400

.isr_vector     0x0000000008000000      0x138
                0x0000000008000000                . = ALIGN (0x4)
 *(.isr_vector)
 .isr_vector    0x0000000008000000      0x138 ./Core/Startup/startup_stm32wl55ccux.o
                0x0000000008000000                g_pfnVectors
                0x0000000008000138                . = ALIGN (0x4)

.text           0x0000000008000140     0xda84
                0x0000000008000140                . = ALIGN (0x4)
 *(.text)
 .text          0x0000000008000140       0x40 /Applications/STM32CubeIDE.app/Contents/Eclipse/plugins/com.st.stm32cube.ide.mcu.externaltools.gnu-tools-for-stm32.9-2020-q2-update.macos64_2.0.0.202105311346/tools/bin/../lib/gcc/arm-none-eabi/9.3.1/thumb/v7e-m/nofp/crtbegin.o
 .text          0x0000000008000180      0x168 /Applications/STM32CubeIDE.app/Contents/Eclipse/plugins/com.st.stm32cube.ide.mcu.externaltools.gnu-tools-for-stm32.9-2020-q2-update.macos64_2.0.0.202105311346/tools/bin/../lib/gcc/arm-none-eabi/9.3.1/thumb/v7e-m/nofp/libgcc.a(_arm_mulsf3.o)
                0x0000000008000180                __mulsf3
                0x0000000008000180                __aeabi_fmul
 .text          0x00000000080002e8      0x378 /Applications/STM32CubeIDE.app/Contents/Eclipse/plugins/com.st.stm32cube.ide.mcu.externaltools.gnu-tools-for-stm32.9-2020-q2-update.macos64_2.0.0.202105311346/tools/bin/../lib/gcc/arm-none-eabi/9.3.1/thumb/v7e-m/nofp/libgcc.a(_arm_addsubdf3.o)
                0x00000000080002e8                __aeabi_drsub
                0x00000000080002f0                __subdf3
                0x00000000080002f0                __aeabi_dsub
                0x00000000080002f4                __aeabi_dadd
                0x00000000080002f4                __adddf3
                0x000000000800056c                __aeabi_ui2d
                0x000000000800056c                __floatunsidf
                0x000000000800058c                __floatsidf
                0x000000000800058c                __aeabi_i2d
                0x00000000080005b0                __extendsfdf2
                0x00000000080005b0                __aeabi_f2d
                0x00000000080005f4                __aeabi_ul2d
                0x00000000080005f4                __floatundidf
                0x0000000008000604                __aeabi_l2d
                0x0000000008000604                __floatdidf
 .text          0x0000000008000660      0x424 /Applications/STM32CubeIDE.app/Contents/Eclipse/plugins/com.st.stm32cube.ide.mcu.externaltools.gnu-tools-for-stm32.9-2020-q2-update.macos64_2.0.0.202105311346/tools/bin/../lib/gcc/arm-none-eabi/9.3.1/thumb/v7e-m/nofp/libgcc.a(_arm_muldivdf3.o)
                0x0000000008000660                __aeabi_dmul
                0x0000000008000660                __muldf3
                0x00000000080008b4                __aeabi_ddiv
                0x00000000080008b4                __divdf3
 .text          0x0000000008000a84       0xa0 /Applications/STM32CubeIDE.app/Contents/Eclipse/plugins/com.st.stm32cube.ide.mcu.externaltools.gnu-tools-for-stm32.9-2020-q2-update.macos64_2.0.0.202105311346/tools/bin/../lib/gcc/arm-none-eabi/9.3.1/thumb/v7e-m/nofp/libgcc.a(_arm_truncdfsf2.o)
                0x0000000008000a84                __aeabi_d2f
                0x0000000008000a84                __truncdfsf2
 .text          0x0000000008000b24      0x21c /Applications/STM32CubeIDE.app/Contents/Eclipse/plugins/com.st.stm32cube.ide.mcu.externaltools.gnu-tools-for-stm32.9-2020-q2-update.macos64_2.0.0.202105311346/tools/bin/../lib/gcc/arm-none-eabi/9.3.1/thumb/v7e-m/nofp/libgcc.a(_arm_addsubsf3.o)
                0x0000000008000b24                __aeabi_frsub
                0x0000000008000b2c                __aeabi_fsub
                0x0000000008000b2c                __subsf3
                0x0000000008000b30                __aeabi_fadd
                0x0000000008000b30                __addsf3
                0x0000000008000c90                __aeabi_ui2f
                0x0000000008000c90                __floatunsisf
                0x0000000008000c98                __floatsisf
                0x0000000008000c98                __aeabi_i2f
                0x0000000008000cb4                __aeabi_ul2f
                0x0000000008000cb4                __floatundisf
                0x0000000008000cc4                __aeabi_l2f
                0x0000000008000cc4                __floatdisf
 .text          0x0000000008000d40       0x4c /Applications/STM32CubeIDE.app/Contents/Eclipse/plugins/com.st.stm32cube.ide.mcu.externaltools.gnu-tools-for-stm32.9-2020-q2-update.macos64_2.0.0.202105311346/tools/bin/../lib/gcc/arm-none-eabi/9.3.1/thumb/v7e-m/nofp/libgcc.a(_arm_fixsfsi.o)
                0x0000000008000d40                __fixsfsi
                0x0000000008000d40                __aeabi_f2iz
 .text          0x0000000008000d8c       0x30 /Applications/STM32CubeIDE.app/Contents/Eclipse/plugins/com.st.stm32cube.ide.mcu.externaltools.gnu-tools-for-stm32.9-2020-q2-update.macos64_2.0.0.202105311346/tools/bin/../lib/gcc/arm-none-eabi/9.3.1/thumb/v7e-m/nofp/libgcc.a(_aeabi_uldivmod.o)
                0x0000000008000d8c                __aeabi_uldivmod
 .text          0x0000000008000dbc      0x2c0 /Applications/STM32CubeIDE.app/Contents/Eclipse/plugins/com.st.stm32cube.ide.mcu.externaltools.gnu-tools-for-stm32.9-2020-q2-update.macos64_2.0.0.202105311346/tools/bin/../lib/gcc/arm-none-eabi/9.3.1/thumb/v7e-m/nofp/libgcc.a(_udivmoddi4.o)
                0x0000000008000dbc                __udivmoddi4
 .text          0x000000000800107c        0x4 /Applications/STM32CubeIDE.app/Contents/Eclipse/plugins/com.st.stm32cube.ide.mcu.externaltools.gnu-tools-for-stm32.9-2020-q2-update.macos64_2.0.0.202105311346/tools/bin/../lib/gcc/arm-none-eabi/9.3.1/thumb/v7e-m/nofp/libgcc.a(_dvmd_tls.o)
                0x000000000800107c                __aeabi_ldiv0
                0x000000000800107c                __aeabi_idiv0
 *(.text*)
 .text.PreSleepProcessing
                0x0000000008001080       0x12 ./Core/Src/app_freertos.o
                0x0000000008001080                PreSleepProcessing
 .text.PostSleepProcessing
                0x0000000008001092       0x12 ./Core/Src/app_freertos.o
                0x0000000008001092                PostSleepProcessing
 .text.LL_AHB2_GRP1_EnableClock
                0x00000000080010a4       0x30 ./Core/Src/main.o
 .text.main     0x00000000080010d4       0x7c ./Core/Src/main.o
                0x00000000080010d4                main
 .text.SystemClock_Config
                0x0000000008001150       0xa0 ./Core/Src/main.o
                0x0000000008001150                SystemClock_Config
 .text.MX_ADC_Init
                0x00000000080011f0       0x9c ./Core/Src/main.o
 .text.MX_I2C1_Init
                0x000000000800128c       0x80 ./Core/Src/main.o
 .text.MX_LPUART1_UART_Init
                0x000000000800130c       0x98 ./Core/Src/main.o
 .text.MX_SUBGHZ_Init
                0x00000000080013a4       0x24 ./Core/Src/main.o
                0x00000000080013a4                MX_SUBGHZ_Init
 .text.MX_GPIO_Init
                0x00000000080013c8       0x9c ./Core/Src/main.o
 .text.sensor_error
                0x0000000008001464       0x5c ./Core/Src/main.o
 .text.i2c_bus_scan
                0x00000000080014c0       0x50 ./Core/Src/main.o
 .text.init_lsm6dslm
                0x0000000008001510      0x19c ./Core/Src/main.o
 .text.get_lsm6dslm
                0x00000000080016ac      0x16c ./Core/Src/main.o
 .text.si7051_init
                0x0000000008001818       0x3c ./Core/Src/main.o
 .text.set_conversion_si7051
                0x0000000008001854       0x3c ./Core/Src/main.o
 .text.get_si7051
                0x0000000008001890       0xcc ./Core/Src/main.o
 .text.StartRadioTask
                0x000000000800195c       0xa0 ./Core/Src/main.o
                0x000000000800195c                StartRadioTask
 .text.StartMainTask
                0x00000000080019fc      0x128 ./Core/Src/main.o
                0x00000000080019fc                StartMainTask
 .text.HAL_TIM_PeriodElapsedCallback
                0x0000000008001b24       0x24 ./Core/Src/main.o
                0x0000000008001b24                HAL_TIM_PeriodElapsedCallback
 .text.Error_Handler
                0x0000000008001b48        0xa ./Core/Src/main.o
                0x0000000008001b48                Error_Handler
 *fill*         0x0000000008001b52        0x2 
 .text.set_radio_pin_manager_rf_switch_vdd_pin
                0x0000000008001b54       0x2c ./Core/Src/radio_pin_manager.o
                0x0000000008001b54                set_radio_pin_manager_rf_switch_vdd_pin
 .text.set_radio_pin_manager_rf_switch_pin
                0x0000000008001b80       0x2c ./Core/Src/radio_pin_manager.o
                0x0000000008001b80                set_radio_pin_manager_rf_switch_pin
 .text.LL_AHB2_GRP1_EnableClock
                0x0000000008001bac       0x30 ./Core/Src/stm32wlxx_hal_msp.o
 .text.LL_APB1_GRP1_EnableClock
                0x0000000008001bdc       0x30 ./Core/Src/stm32wlxx_hal_msp.o
 .text.LL_APB1_GRP2_EnableClock
                0x0000000008001c0c       0x30 ./Core/Src/stm32wlxx_hal_msp.o
 .text.LL_APB2_GRP1_EnableClock
                0x0000000008001c3c       0x30 ./Core/Src/stm32wlxx_hal_msp.o
 .text.LL_APB3_GRP1_EnableClock
                0x0000000008001c6c       0x30 ./Core/Src/stm32wlxx_hal_msp.o
 .text.HAL_MspInit
                0x0000000008001c9c       0x14 ./Core/Src/stm32wlxx_hal_msp.o
                0x0000000008001c9c                HAL_MspInit
 .text.HAL_ADC_MspInit
                0x0000000008001cb0       0x58 ./Core/Src/stm32wlxx_hal_msp.o
                0x0000000008001cb0                HAL_ADC_MspInit
 .text.HAL_I2C_MspInit
                0x0000000008001d08       0x90 ./Core/Src/stm32wlxx_hal_msp.o
                0x0000000008001d08                HAL_I2C_MspInit
 .text.HAL_UART_MspInit
                0x0000000008001d98       0x88 ./Core/Src/stm32wlxx_hal_msp.o
                0x0000000008001d98                HAL_UART_MspInit
 .text.HAL_SUBGHZ_MspInit
                0x0000000008001e20       0x26 ./Core/Src/stm32wlxx_hal_msp.o
                0x0000000008001e20                HAL_SUBGHZ_MspInit
 .text.LL_APB2_GRP1_EnableClock
                0x0000000008001e46       0x30 ./Core/Src/stm32wlxx_hal_timebase_tim.o
 *fill*         0x0000000008001e76        0x2 
 .text.HAL_InitTick
                0x0000000008001e78       0xcc ./Core/Src/stm32wlxx_hal_timebase_tim.o
                0x0000000008001e78                HAL_InitTick
 .text.NMI_Handler
                0x0000000008001f44        0x6 ./Core/Src/stm32wlxx_it.o
                0x0000000008001f44                NMI_Handler
 .text.HardFault_Handler
                0x0000000008001f4a        0x6 ./Core/Src/stm32wlxx_it.o
                0x0000000008001f4a                HardFault_Handler
 .text.MemManage_Handler
                0x0000000008001f50        0x6 ./Core/Src/stm32wlxx_it.o
                0x0000000008001f50                MemManage_Handler
 .text.BusFault_Handler
                0x0000000008001f56        0x6 ./Core/Src/stm32wlxx_it.o
                0x0000000008001f56                BusFault_Handler
 .text.UsageFault_Handler
                0x0000000008001f5c        0x6 ./Core/Src/stm32wlxx_it.o
                0x0000000008001f5c                UsageFault_Handler
 .text.DebugMon_Handler
                0x0000000008001f62        0xc ./Core/Src/stm32wlxx_it.o
                0x0000000008001f62                DebugMon_Handler
 *fill*         0x0000000008001f6e        0x2 
 .text.TIM17_IRQHandler
                0x0000000008001f70       0x14 ./Core/Src/stm32wlxx_it.o
                0x0000000008001f70                TIM17_IRQHandler
 .text.SUBGHZ_Radio_IRQHandler
                0x0000000008001f84       0x14 ./Core/Src/stm32wlxx_it.o
                0x0000000008001f84                SUBGHZ_Radio_IRQHandler
 .text.SystemApp_Init
                0x0000000008001f98        0xc ./Core/Src/sys_app.o
                0x0000000008001f98                SystemApp_Init
 .text.SystemInit
                0x0000000008001fa4        0xc ./Core/Src/system_stm32wlxx.o
                0x0000000008001fa4                SystemInit
 .text.TIMER_IF_Init
                0x0000000008001fb0       0x16 ./Core/Src/timer_if.o
                0x0000000008001fb0                TIMER_IF_Init
 .text.TIMER_IF_StartTimer
                0x0000000008001fc6       0x18 ./Core/Src/timer_if.o
                0x0000000008001fc6                TIMER_IF_StartTimer
 .text.TIMER_IF_StopTimer
                0x0000000008001fde       0x16 ./Core/Src/timer_if.o
                0x0000000008001fde                TIMER_IF_StopTimer
 .text.TIMER_IF_SetTimerContext
                0x0000000008001ff4       0x14 ./Core/Src/timer_if.o
                0x0000000008001ff4                TIMER_IF_SetTimerContext
 .text.TIMER_IF_GetTimerContext
                0x0000000008002008       0x14 ./Core/Src/timer_if.o
                0x0000000008002008                TIMER_IF_GetTimerContext
 .text.TIMER_IF_GetTimerElapsedTime
                0x000000000800201c       0x16 ./Core/Src/timer_if.o
                0x000000000800201c                TIMER_IF_GetTimerElapsedTime
 .text.TIMER_IF_GetTimerValue
                0x0000000008002032       0x16 ./Core/Src/timer_if.o
                0x0000000008002032                TIMER_IF_GetTimerValue
 .text.TIMER_IF_GetMinimumTimeout
                0x0000000008002048       0x16 ./Core/Src/timer_if.o
                0x0000000008002048                TIMER_IF_GetMinimumTimeout
 .text.TIMER_IF_Convert_ms2Tick
                0x000000000800205e       0x18 ./Core/Src/timer_if.o
                0x000000000800205e                TIMER_IF_Convert_ms2Tick
 .text.TIMER_IF_Convert_Tick2ms
                0x0000000008002076       0x18 ./Core/Src/timer_if.o
                0x0000000008002076                TIMER_IF_Convert_Tick2ms
 *fill*         0x000000000800208e        0x2 
 .text.Reset_Handler
                0x0000000008002090       0x50 ./Core/Startup/startup_stm32wl55ccux.o
                0x0000000008002090                Reset_Handler
 .text.Default_Handler
                0x00000000080020e0        0x2 ./Core/Startup/startup_stm32wl55ccux.o
                0x00000000080020e0                DMA2_Channel3_IRQHandler
                0x00000000080020e0                EXTI2_IRQHandler
                0x00000000080020e0                TIM1_CC_IRQHandler
                0x00000000080020e0                EXTI3_IRQHandler
                0x00000000080020e0                LPTIM2_IRQHandler
                0x00000000080020e0                I2C3_ER_IRQHandler
                0x00000000080020e0                LPTIM3_IRQHandler
                0x00000000080020e0                EXTI0_IRQHandler
                0x00000000080020e0                I2C2_EV_IRQHandler
                0x00000000080020e0                TAMP_STAMP_LSECSS_SSRU_IRQHandler
                0x00000000080020e0                SPI1_IRQHandler
                0x00000000080020e0                DMA2_Channel2_IRQHandler
                0x00000000080020e0                DMA1_Channel4_IRQHandler
                0x00000000080020e0                PKA_IRQHandler
                0x00000000080020e0                DMA1_Channel7_IRQHandler
                0x00000000080020e0                SUBGHZSPI_IRQHandler
                0x00000000080020e0                IPCC_C1_TX_IRQHandler
                0x00000000080020e0                DMA2_Channel1_IRQHandler
                0x00000000080020e0                I2C1_EV_IRQHandler
                0x00000000080020e0                DMAMUX1_OVR_IRQHandler
                0x00000000080020e0                DMA1_Channel6_IRQHandler
                0x00000000080020e0                TIM16_IRQHandler
                0x00000000080020e0                DMA2_Channel4_IRQHandler
                0x00000000080020e0                RCC_IRQHandler
                0x00000000080020e0                TIM1_TRG_COM_IRQHandler
                0x00000000080020e0                DMA1_Channel1_IRQHandler
                0x00000000080020e0                Default_Handler
                0x00000000080020e0                DMA2_Channel7_IRQHandler
                0x00000000080020e0                EXTI15_10_IRQHandler
                0x00000000080020e0                IPCC_C1_RX_IRQHandler
                0x00000000080020e0                ADC_IRQHandler
                0x00000000080020e0                C2SEV_PWR_C2H_IRQHandler
                0x00000000080020e0                I2C3_EV_IRQHandler
                0x00000000080020e0                EXTI9_5_IRQHandler
                0x00000000080020e0                RTC_WKUP_IRQHandler
                0x00000000080020e0                PVD_PVM_IRQHandler
                0x00000000080020e0                SPI2_IRQHandler
                0x00000000080020e0                DMA2_Channel5_IRQHandler
                0x00000000080020e0                DMA1_Channel5_IRQHandler
                0x00000000080020e0                EXTI4_IRQHandler
                0x00000000080020e0                RNG_IRQHandler
                0x00000000080020e0                DMA1_Channel3_IRQHandler
                0x00000000080020e0                COMP_IRQHandler
                0x00000000080020e0                HSEM_IRQHandler
                0x00000000080020e0                TIM1_UP_IRQHandler
                0x00000000080020e0                WWDG_IRQHandler
                0x00000000080020e0                LPUART1_IRQHandler
                0x00000000080020e0                DMA2_Channel6_IRQHandler
                0x00000000080020e0                TIM2_IRQHandler
                0x00000000080020e0                TIM1_BRK_IRQHandler
                0x00000000080020e0                DAC_IRQHandler
                0x00000000080020e0                EXTI1_IRQHandler
                0x00000000080020e0                AES_IRQHandler
                0x00000000080020e0                USART2_IRQHandler
                0x00000000080020e0                I2C2_ER_IRQHandler
                0x00000000080020e0                DMA1_Channel2_IRQHandler
                0x00000000080020e0                FLASH_IRQHandler
                0x00000000080020e0                USART1_IRQHandler
                0x00000000080020e0                I2C1_ER_IRQHandler
                0x00000000080020e0                LPTIM1_IRQHandler
                0x00000000080020e0                RTC_Alarm_IRQHandler
 *fill*         0x00000000080020e2        0x2 
 .text.HAL_Init
                0x00000000080020e4       0x40 ./Drivers/STM32WLxx_HAL_Driver/Src/stm32wlxx_hal.o
                0x00000000080020e4                HAL_Init
 .text.HAL_IncTick
                0x0000000008002124       0x24 ./Drivers/STM32WLxx_HAL_Driver/Src/stm32wlxx_hal.o
                0x0000000008002124                HAL_IncTick
 .text.HAL_GetTick
                0x0000000008002148       0x14 ./Drivers/STM32WLxx_HAL_Driver/Src/stm32wlxx_hal.o
                0x0000000008002148                HAL_GetTick
 .text.HAL_Delay
                0x000000000800215c       0x48 ./Drivers/STM32WLxx_HAL_Driver/Src/stm32wlxx_hal.o
                0x000000000800215c                HAL_Delay
 .text.LL_ADC_SetSamplingTimeCommonChannels
                0x00000000080021a4       0x3c ./Drivers/STM32WLxx_HAL_Driver/Src/stm32wlxx_hal_adc.o
 .text.LL_ADC_EnableInternalRegulator
                0x00000000080021e0       0x26 ./Drivers/STM32WLxx_HAL_Driver/Src/stm32wlxx_hal_adc.o
 .text.LL_ADC_IsInternalRegulatorEnabled
                0x0000000008002206       0x26 ./Drivers/STM32WLxx_HAL_Driver/Src/stm32wlxx_hal_adc.o
 .text.LL_ADC_IsEnabled
                0x000000000800222c       0x24 ./Drivers/STM32WLxx_HAL_Driver/Src/stm32wlxx_hal_adc.o
 .text.LL_ADC_REG_IsConversionOngoing
                0x0000000008002250       0x24 ./Drivers/STM32WLxx_HAL_Driver/Src/stm32wlxx_hal_adc.o
 .text.HAL_ADC_Init
                0x0000000008002274      0x38c ./Drivers/STM32WLxx_HAL_Driver/Src/stm32wlxx_hal_adc.o
                0x0000000008002274                HAL_ADC_Init
 .text.__NVIC_SetPriorityGrouping
                0x0000000008002600       0x48 ./Drivers/STM32WLxx_HAL_Driver/Src/stm32wlxx_hal_cortex.o
 .text.__NVIC_GetPriorityGrouping
                0x0000000008002648       0x1c ./Drivers/STM32WLxx_HAL_Driver/Src/stm32wlxx_hal_cortex.o
 .text.__NVIC_EnableIRQ
                0x0000000008002664       0x38 ./Drivers/STM32WLxx_HAL_Driver/Src/stm32wlxx_hal_cortex.o
 .text.__NVIC_SetPriority
                0x000000000800269c       0x54 ./Drivers/STM32WLxx_HAL_Driver/Src/stm32wlxx_hal_cortex.o
 .text.NVIC_EncodePriority
                0x00000000080026f0       0x64 ./Drivers/STM32WLxx_HAL_Driver/Src/stm32wlxx_hal_cortex.o
 .text.HAL_NVIC_SetPriorityGrouping
                0x0000000008002754       0x16 ./Drivers/STM32WLxx_HAL_Driver/Src/stm32wlxx_hal_cortex.o
                0x0000000008002754                HAL_NVIC_SetPriorityGrouping
 .text.HAL_NVIC_SetPriority
                0x000000000800276a       0x34 ./Drivers/STM32WLxx_HAL_Driver/Src/stm32wlxx_hal_cortex.o
                0x000000000800276a                HAL_NVIC_SetPriority
 .text.HAL_NVIC_EnableIRQ
                0x000000000800279e       0x1c ./Drivers/STM32WLxx_HAL_Driver/Src/stm32wlxx_hal_cortex.o
                0x000000000800279e                HAL_NVIC_EnableIRQ
 *fill*         0x00000000080027ba        0x2 
 .text.HAL_GPIO_Init
                0x00000000080027bc      0x2c0 ./Drivers/STM32WLxx_HAL_Driver/Src/stm32wlxx_hal_gpio.o
                0x00000000080027bc                HAL_GPIO_Init
 .text.HAL_GPIO_WritePin
                0x0000000008002a7c       0x2e ./Drivers/STM32WLxx_HAL_Driver/Src/stm32wlxx_hal_gpio.o
                0x0000000008002a7c                HAL_GPIO_WritePin
 .text.HAL_GPIO_TogglePin
                0x0000000008002aaa       0x32 ./Drivers/STM32WLxx_HAL_Driver/Src/stm32wlxx_hal_gpio.o
                0x0000000008002aaa                HAL_GPIO_TogglePin
 .text.HAL_I2C_Init
                0x0000000008002adc      0x11e ./Drivers/STM32WLxx_HAL_Driver/Src/stm32wlxx_hal_i2c.o
                0x0000000008002adc                HAL_I2C_Init
 *fill*         0x0000000008002bfa        0x2 
 .text.HAL_I2C_Master_Transmit
                0x0000000008002bfc      0x1e8 ./Drivers/STM32WLxx_HAL_Driver/Src/stm32wlxx_hal_i2c.o
                0x0000000008002bfc                HAL_I2C_Master_Transmit
 .text.HAL_I2C_Master_Receive
                0x0000000008002de4      0x1ec ./Drivers/STM32WLxx_HAL_Driver/Src/stm32wlxx_hal_i2c.o
                0x0000000008002de4                HAL_I2C_Master_Receive
 .text.HAL_I2C_IsDeviceReady
                0x0000000008002fd0      0x20e ./Drivers/STM32WLxx_HAL_Driver/Src/stm32wlxx_hal_i2c.o
                0x0000000008002fd0                HAL_I2C_IsDeviceReady
 .text.I2C_Flush_TXDR
                0x00000000080031de       0x46 ./Drivers/STM32WLxx_HAL_Driver/Src/stm32wlxx_hal_i2c.o
 .text.I2C_WaitOnFlagUntilTimeout
                0x0000000008003224       0x80 ./Drivers/STM32WLxx_HAL_Driver/Src/stm32wlxx_hal_i2c.o
 .text.I2C_WaitOnTXISFlagUntilTimeout
                0x00000000080032a4       0x80 ./Drivers/STM32WLxx_HAL_Driver/Src/stm32wlxx_hal_i2c.o
 .text.I2C_WaitOnSTOPFlagUntilTimeout
                0x0000000008003324       0x78 ./Drivers/STM32WLxx_HAL_Driver/Src/stm32wlxx_hal_i2c.o
 .text.I2C_WaitOnRXNEFlagUntilTimeout
                0x000000000800339c       0xd8 ./Drivers/STM32WLxx_HAL_Driver/Src/stm32wlxx_hal_i2c.o
 .text.I2C_IsAcknowledgeFailed
                0x0000000008003474       0xec ./Drivers/STM32WLxx_HAL_Driver/Src/stm32wlxx_hal_i2c.o
 .text.I2C_TransferConfig
                0x0000000008003560       0x58 ./Drivers/STM32WLxx_HAL_Driver/Src/stm32wlxx_hal_i2c.o
 .text.HAL_I2CEx_ConfigAnalogFilter
                0x00000000080035b8       0x94 ./Drivers/STM32WLxx_HAL_Driver/Src/stm32wlxx_hal_i2c_ex.o
                0x00000000080035b8                HAL_I2CEx_ConfigAnalogFilter
 .text.HAL_I2CEx_ConfigDigitalFilter
                0x000000000800364c       0x96 ./Drivers/STM32WLxx_HAL_Driver/Src/stm32wlxx_hal_i2c_ex.o
                0x000000000800364c                HAL_I2CEx_ConfigDigitalFilter
 *fill*         0x00000000080036e2        0x2 
 .text.HAL_PWR_EnableBkUpAccess
                0x00000000080036e4       0x1c ./Drivers/STM32WLxx_HAL_Driver/Src/stm32wlxx_hal_pwr.o
                0x00000000080036e4                HAL_PWR_EnableBkUpAccess
 .text.HAL_PWREx_GetVoltageRange
                0x0000000008003700       0x18 ./Drivers/STM32WLxx_HAL_Driver/Src/stm32wlxx_hal_pwr_ex.o
                0x0000000008003700                HAL_PWREx_GetVoltageRange
 .text.LL_PWR_IsEnabledBkUpAccess
                0x0000000008003718       0x24 ./Drivers/STM32WLxx_HAL_Driver/Src/stm32wlxx_hal_rcc.o
 .text.LL_RCC_HSE_EnableTcxo
                0x000000000800373c       0x1c ./Drivers/STM32WLxx_HAL_Driver/Src/stm32wlxx_hal_rcc.o
 .text.LL_RCC_HSE_DisableTcxo
                0x0000000008003758       0x1c ./Drivers/STM32WLxx_HAL_Driver/Src/stm32wlxx_hal_rcc.o
 .text.LL_RCC_HSE_IsEnabledDiv2
                0x0000000008003774       0x22 ./Drivers/STM32WLxx_HAL_Driver/Src/stm32wlxx_hal_rcc.o
 .text.LL_RCC_HSE_Enable
                0x0000000008003796       0x1c ./Drivers/STM32WLxx_HAL_Driver/Src/stm32wlxx_hal_rcc.o
 .text.LL_RCC_HSE_Disable
                0x00000000080037b2       0x1c ./Drivers/STM32WLxx_HAL_Driver/Src/stm32wlxx_hal_rcc.o
 .text.LL_RCC_HSE_IsReady
                0x00000000080037ce       0x22 ./Drivers/STM32WLxx_HAL_Driver/Src/stm32wlxx_hal_rcc.o
 .text.LL_RCC_HSI_Enable
                0x00000000080037f0       0x1c ./Drivers/STM32WLxx_HAL_Driver/Src/stm32wlxx_hal_rcc.o
 .text.LL_RCC_HSI_Disable
                0x000000000800380c       0x1c ./Drivers/STM32WLxx_HAL_Driver/Src/stm32wlxx_hal_rcc.o
 .text.LL_RCC_HSI_IsReady
                0x0000000008003828       0x22 ./Drivers/STM32WLxx_HAL_Driver/Src/stm32wlxx_hal_rcc.o
 .text.LL_RCC_HSI_SetCalibTrimming
                0x000000000800384a       0x28 ./Drivers/STM32WLxx_HAL_Driver/Src/stm32wlxx_hal_rcc.o
 .text.LL_RCC_LSE_IsReady
                0x0000000008003872       0x22 ./Drivers/STM32WLxx_HAL_Driver/Src/stm32wlxx_hal_rcc.o
 .text.LL_RCC_LSI_Enable
                0x0000000008003894       0x20 ./Drivers/STM32WLxx_HAL_Driver/Src/stm32wlxx_hal_rcc.o
 .text.LL_RCC_LSI_Disable
                0x00000000080038b4       0x20 ./Drivers/STM32WLxx_HAL_Driver/Src/stm32wlxx_hal_rcc.o
 .text.LL_RCC_LSI_IsReady
                0x00000000080038d4       0x22 ./Drivers/STM32WLxx_HAL_Driver/Src/stm32wlxx_hal_rcc.o
 .text.LL_RCC_MSI_Enable
                0x00000000080038f6       0x1c ./Drivers/STM32WLxx_HAL_Driver/Src/stm32wlxx_hal_rcc.o
 .text.LL_RCC_MSI_Disable
                0x0000000008003912       0x1c ./Drivers/STM32WLxx_HAL_Driver/Src/stm32wlxx_hal_rcc.o
 .text.LL_RCC_MSI_IsReady
                0x000000000800392e       0x20 ./Drivers/STM32WLxx_HAL_Driver/Src/stm32wlxx_hal_rcc.o
 .text.LL_RCC_MSI_IsEnabledRangeSelect
                0x000000000800394e       0x20 ./Drivers/STM32WLxx_HAL_Driver/Src/stm32wlxx_hal_rcc.o
 .text.LL_RCC_MSI_GetRange
                0x000000000800396e       0x16 ./Drivers/STM32WLxx_HAL_Driver/Src/stm32wlxx_hal_rcc.o
 .text.LL_RCC_MSI_GetRangeAfterStandby
                0x0000000008003984       0x18 ./Drivers/STM32WLxx_HAL_Driver/Src/stm32wlxx_hal_rcc.o
 .text.LL_RCC_MSI_SetCalibTrimming
                0x000000000800399c       0x28 ./Drivers/STM32WLxx_HAL_Driver/Src/stm32wlxx_hal_rcc.o
 .text.LL_RCC_SetSysClkSource
                0x00000000080039c4       0x26 ./Drivers/STM32WLxx_HAL_Driver/Src/stm32wlxx_hal_rcc.o
 .text.LL_RCC_GetSysClkSource
                0x00000000080039ea       0x16 ./Drivers/STM32WLxx_HAL_Driver/Src/stm32wlxx_hal_rcc.o
 .text.LL_RCC_SetAHBPrescaler
                0x0000000008003a00       0x26 ./Drivers/STM32WLxx_HAL_Driver/Src/stm32wlxx_hal_rcc.o
 .text.LL_C2_RCC_SetAHBPrescaler
                0x0000000008003a26       0x2a ./Drivers/STM32WLxx_HAL_Driver/Src/stm32wlxx_hal_rcc.o
 .text.LL_RCC_SetAHB3Prescaler
                0x0000000008003a50       0x2c ./Drivers/STM32WLxx_HAL_Driver/Src/stm32wlxx_hal_rcc.o
 .text.LL_RCC_SetAPB1Prescaler
                0x0000000008003a7c       0x26 ./Drivers/STM32WLxx_HAL_Driver/Src/stm32wlxx_hal_rcc.o
 .text.LL_RCC_SetAPB2Prescaler
                0x0000000008003aa2       0x26 ./Drivers/STM32WLxx_HAL_Driver/Src/stm32wlxx_hal_rcc.o
 .text.LL_RCC_GetAHBPrescaler
                0x0000000008003ac8       0x16 ./Drivers/STM32WLxx_HAL_Driver/Src/stm32wlxx_hal_rcc.o
 .text.LL_C2_RCC_GetAHBPrescaler
                0x0000000008003ade       0x18 ./Drivers/STM32WLxx_HAL_Driver/Src/stm32wlxx_hal_rcc.o
 .text.LL_RCC_GetAHB3Prescaler
                0x0000000008003af6       0x1a ./Drivers/STM32WLxx_HAL_Driver/Src/stm32wlxx_hal_rcc.o
 .text.LL_RCC_GetAPB1Prescaler
                0x0000000008003b10       0x16 ./Drivers/STM32WLxx_HAL_Driver/Src/stm32wlxx_hal_rcc.o
 .text.LL_RCC_GetAPB2Prescaler
                0x0000000008003b26       0x16 ./Drivers/STM32WLxx_HAL_Driver/Src/stm32wlxx_hal_rcc.o
 .text.LL_RCC_PLL_Enable
                0x0000000008003b3c       0x1c ./Drivers/STM32WLxx_HAL_Driver/Src/stm32wlxx_hal_rcc.o
 .text.LL_RCC_PLL_Disable
                0x0000000008003b58       0x1c ./Drivers/STM32WLxx_HAL_Driver/Src/stm32wlxx_hal_rcc.o
 .text.LL_RCC_PLL_IsReady
                0x0000000008003b74       0x22 ./Drivers/STM32WLxx_HAL_Driver/Src/stm32wlxx_hal_rcc.o
 .text.LL_RCC_PLL_GetN
                0x0000000008003b96       0x18 ./Drivers/STM32WLxx_HAL_Driver/Src/stm32wlxx_hal_rcc.o
 .text.LL_RCC_PLL_GetR
                0x0000000008003bae       0x16 ./Drivers/STM32WLxx_HAL_Driver/Src/stm32wlxx_hal_rcc.o
 .text.LL_RCC_PLL_GetDivider
                0x0000000008003bc4       0x16 ./Drivers/STM32WLxx_HAL_Driver/Src/stm32wlxx_hal_rcc.o
 .text.LL_RCC_PLL_GetMainSource
                0x0000000008003bda       0x16 ./Drivers/STM32WLxx_HAL_Driver/Src/stm32wlxx_hal_rcc.o
 .text.LL_RCC_IsActiveFlag_HPRE
                0x0000000008003bf0       0x22 ./Drivers/STM32WLxx_HAL_Driver/Src/stm32wlxx_hal_rcc.o
 .text.LL_RCC_IsActiveFlag_C2HPRE
                0x0000000008003c12       0x24 ./Drivers/STM32WLxx_HAL_Driver/Src/stm32wlxx_hal_rcc.o
 .text.LL_RCC_IsActiveFlag_SHDHPRE
                0x0000000008003c36       0x24 ./Drivers/STM32WLxx_HAL_Driver/Src/stm32wlxx_hal_rcc.o
 .text.LL_RCC_IsActiveFlag_PPRE1
                0x0000000008003c5a       0x22 ./Drivers/STM32WLxx_HAL_Driver/Src/stm32wlxx_hal_rcc.o
 .text.LL_RCC_IsActiveFlag_PPRE2
                0x0000000008003c7c       0x22 ./Drivers/STM32WLxx_HAL_Driver/Src/stm32wlxx_hal_rcc.o
 *fill*         0x0000000008003c9e        0x2 
 .text.HAL_RCC_OscConfig
                0x0000000008003ca0      0x734 ./Drivers/STM32WLxx_HAL_Driver/Src/stm32wlxx_hal_rcc.o
                0x0000000008003ca0                HAL_RCC_OscConfig
 .text.HAL_RCC_ClockConfig
                0x00000000080043d4      0x284 ./Drivers/STM32WLxx_HAL_Driver/Src/stm32wlxx_hal_rcc.o
                0x00000000080043d4                HAL_RCC_ClockConfig
 .text.HAL_RCC_GetSysClockFreq
                0x0000000008004658      0x140 ./Drivers/STM32WLxx_HAL_Driver/Src/stm32wlxx_hal_rcc.o
                0x0000000008004658                HAL_RCC_GetSysClockFreq
 .text.HAL_RCC_GetHCLKFreq
                0x0000000008004798       0x28 ./Drivers/STM32WLxx_HAL_Driver/Src/stm32wlxx_hal_rcc.o
                0x0000000008004798                HAL_RCC_GetHCLKFreq
 .text.HAL_RCC_GetPCLK1Freq
                0x00000000080047c0       0x24 ./Drivers/STM32WLxx_HAL_Driver/Src/stm32wlxx_hal_rcc.o
                0x00000000080047c0                HAL_RCC_GetPCLK1Freq
 .text.HAL_RCC_GetPCLK2Freq
                0x00000000080047e4       0x24 ./Drivers/STM32WLxx_HAL_Driver/Src/stm32wlxx_hal_rcc.o
                0x00000000080047e4                HAL_RCC_GetPCLK2Freq
 .text.HAL_RCC_GetClockConfig
                0x0000000008004808       0x7c ./Drivers/STM32WLxx_HAL_Driver/Src/stm32wlxx_hal_rcc.o
                0x0000000008004808                HAL_RCC_GetClockConfig
 .text.RCC_SetFlashLatencyFromMSIRange
                0x0000000008004884       0x60 ./Drivers/STM32WLxx_HAL_Driver/Src/stm32wlxx_hal_rcc.o
 .text.RCC_SetFlashLatency
                0x00000000080048e4      0x10c ./Drivers/STM32WLxx_HAL_Driver/Src/stm32wlxx_hal_rcc.o
 .text.LL_RCC_LSE_IsReady
                0x00000000080049f0       0x22 ./Drivers/STM32WLxx_HAL_Driver/Src/stm32wlxx_hal_rcc_ex.o
 .text.LL_RCC_SetUSARTClockSource
                0x0000000008004a12       0x30 ./Drivers/STM32WLxx_HAL_Driver/Src/stm32wlxx_hal_rcc_ex.o
 .text.LL_RCC_SetI2SClockSource
                0x0000000008004a42       0x2a ./Drivers/STM32WLxx_HAL_Driver/Src/stm32wlxx_hal_rcc_ex.o
 .text.LL_RCC_SetLPUARTClockSource
                0x0000000008004a6c       0x2a ./Drivers/STM32WLxx_HAL_Driver/Src/stm32wlxx_hal_rcc_ex.o
 .text.LL_RCC_SetI2CClockSource
                0x0000000008004a96       0x38 ./Drivers/STM32WLxx_HAL_Driver/Src/stm32wlxx_hal_rcc_ex.o
 .text.LL_RCC_SetLPTIMClockSource
                0x0000000008004ace       0x32 ./Drivers/STM32WLxx_HAL_Driver/Src/stm32wlxx_hal_rcc_ex.o
 .text.LL_RCC_SetRNGClockSource
                0x0000000008004b00       0x2a ./Drivers/STM32WLxx_HAL_Driver/Src/stm32wlxx_hal_rcc_ex.o
 .text.LL_RCC_SetADCClockSource
                0x0000000008004b2a       0x2a ./Drivers/STM32WLxx_HAL_Driver/Src/stm32wlxx_hal_rcc_ex.o
 .text.LL_RCC_SetRTCClockSource
                0x0000000008004b54       0x2a ./Drivers/STM32WLxx_HAL_Driver/Src/stm32wlxx_hal_rcc_ex.o
 .text.LL_RCC_GetRTCClockSource
                0x0000000008004b7e       0x18 ./Drivers/STM32WLxx_HAL_Driver/Src/stm32wlxx_hal_rcc_ex.o
 .text.LL_RCC_ForceBackupDomainReset
                0x0000000008004b96       0x20 ./Drivers/STM32WLxx_HAL_Driver/Src/stm32wlxx_hal_rcc_ex.o
 .text.LL_RCC_ReleaseBackupDomainReset
                0x0000000008004bb6       0x20 ./Drivers/STM32WLxx_HAL_Driver/Src/stm32wlxx_hal_rcc_ex.o
 *fill*         0x0000000008004bd6        0x2 
 .text.HAL_RCCEx_PeriphCLKConfig
                0x0000000008004bd8      0x234 ./Drivers/STM32WLxx_HAL_Driver/Src/stm32wlxx_hal_rcc_ex.o
                0x0000000008004bd8                HAL_RCCEx_PeriphCLKConfig
 .text.LL_PWR_SetRadioBusyTrigger
                0x0000000008004e0c       0x28 ./Drivers/STM32WLxx_HAL_Driver/Src/stm32wlxx_hal_subghz.o
 .text.LL_PWR_UnselectSUBGHZSPI_NSS
                0x0000000008004e34       0x20 ./Drivers/STM32WLxx_HAL_Driver/Src/stm32wlxx_hal_subghz.o
 .text.LL_PWR_SelectSUBGHZSPI_NSS
                0x0000000008004e54       0x20 ./Drivers/STM32WLxx_HAL_Driver/Src/stm32wlxx_hal_subghz.o
 .text.LL_PWR_ClearFlag_RFBUSY
                0x0000000008004e74       0x18 ./Drivers/STM32WLxx_HAL_Driver/Src/stm32wlxx_hal_subghz.o
 .text.LL_PWR_IsActiveFlag_RFBUSYS
                0x0000000008004e8c       0x24 ./Drivers/STM32WLxx_HAL_Driver/Src/stm32wlxx_hal_subghz.o
 .text.LL_PWR_IsActiveFlag_RFBUSYMS
                0x0000000008004eb0       0x24 ./Drivers/STM32WLxx_HAL_Driver/Src/stm32wlxx_hal_subghz.o
 .text.LL_RCC_RF_DisableReset
                0x0000000008004ed4       0x20 ./Drivers/STM32WLxx_HAL_Driver/Src/stm32wlxx_hal_subghz.o
 .text.LL_RCC_IsRFUnderReset
                0x0000000008004ef4       0x24 ./Drivers/STM32WLxx_HAL_Driver/Src/stm32wlxx_hal_subghz.o
 .text.LL_EXTI_EnableIT_32_63
                0x0000000008004f18       0x28 ./Drivers/STM32WLxx_HAL_Driver/Src/stm32wlxx_hal_subghz.o
 .text.HAL_SUBGHZ_Init
                0x0000000008004f40       0xbc ./Drivers/STM32WLxx_HAL_Driver/Src/stm32wlxx_hal_subghz.o
                0x0000000008004f40                HAL_SUBGHZ_Init
 .text.HAL_SUBGHZ_WriteRegisters
                0x0000000008004ffc       0xbe ./Drivers/STM32WLxx_HAL_Driver/Src/stm32wlxx_hal_subghz.o
                0x0000000008004ffc                HAL_SUBGHZ_WriteRegisters
 .text.HAL_SUBGHZ_ReadRegisters
                0x00000000080050ba       0xc2 ./Drivers/STM32WLxx_HAL_Driver/Src/stm32wlxx_hal_subghz.o
                0x00000000080050ba                HAL_SUBGHZ_ReadRegisters
 .text.HAL_SUBGHZ_ExecSetCmd
                0x000000000800517c       0xbe ./Drivers/STM32WLxx_HAL_Driver/Src/stm32wlxx_hal_subghz.o
                0x000000000800517c                HAL_SUBGHZ_ExecSetCmd
 .text.HAL_SUBGHZ_ExecGetCmd
                0x000000000800523a       0xa8 ./Drivers/STM32WLxx_HAL_Driver/Src/stm32wlxx_hal_subghz.o
                0x000000000800523a                HAL_SUBGHZ_ExecGetCmd
 .text.HAL_SUBGHZ_WriteBuffer
                0x00000000080052e2       0xa6 ./Drivers/STM32WLxx_HAL_Driver/Src/stm32wlxx_hal_subghz.o
                0x00000000080052e2                HAL_SUBGHZ_WriteBuffer
 .text.HAL_SUBGHZ_ReadBuffer
                0x0000000008005388       0xb0 ./Drivers/STM32WLxx_HAL_Driver/Src/stm32wlxx_hal_subghz.o
                0x0000000008005388                HAL_SUBGHZ_ReadBuffer
 .text.HAL_SUBGHZ_IRQHandler
                0x0000000008005438       0xfc ./Drivers/STM32WLxx_HAL_Driver/Src/stm32wlxx_hal_subghz.o
                0x0000000008005438                HAL_SUBGHZ_IRQHandler
 .text.SUBGHZSPI_Init
                0x0000000008005534       0x40 ./Drivers/STM32WLxx_HAL_Driver/Src/stm32wlxx_hal_subghz.o
                0x0000000008005534                SUBGHZSPI_Init
 .text.SUBGHZSPI_Transmit
                0x0000000008005574       0xac ./Drivers/STM32WLxx_HAL_Driver/Src/stm32wlxx_hal_subghz.o
                0x0000000008005574                SUBGHZSPI_Transmit
 .text.SUBGHZSPI_Receive
                0x0000000008005620       0xb0 ./Drivers/STM32WLxx_HAL_Driver/Src/stm32wlxx_hal_subghz.o
                0x0000000008005620                SUBGHZSPI_Receive
 .text.SUBGHZ_CheckDeviceReady
                0x00000000080056d0       0x48 ./Drivers/STM32WLxx_HAL_Driver/Src/stm32wlxx_hal_subghz.o
                0x00000000080056d0                SUBGHZ_CheckDeviceReady
 .text.SUBGHZ_WaitOnBusy
                0x0000000008005718       0x5c ./Drivers/STM32WLxx_HAL_Driver/Src/stm32wlxx_hal_subghz.o
                0x0000000008005718                SUBGHZ_WaitOnBusy
 .text.HAL_TIM_Base_Init
                0x0000000008005774       0xae ./Drivers/STM32WLxx_HAL_Driver/Src/stm32wlxx_hal_tim.o
                0x0000000008005774                HAL_TIM_Base_Init
 .text.HAL_TIM_Base_MspInit
                0x0000000008005822       0x12 ./Drivers/STM32WLxx_HAL_Driver/Src/stm32wlxx_hal_tim.o
                0x0000000008005822                HAL_TIM_Base_MspInit
 .text.HAL_TIM_Base_Start_IT
                0x0000000008005834       0x98 ./Drivers/STM32WLxx_HAL_Driver/Src/stm32wlxx_hal_tim.o
                0x0000000008005834                HAL_TIM_Base_Start_IT
 .text.HAL_TIM_IRQHandler
                0x00000000080058cc      0x23e ./Drivers/STM32WLxx_HAL_Driver/Src/stm32wlxx_hal_tim.o
                0x00000000080058cc                HAL_TIM_IRQHandler
 .text.HAL_TIM_OC_DelayElapsedCallback
                0x0000000008005b0a       0x12 ./Drivers/STM32WLxx_HAL_Driver/Src/stm32wlxx_hal_tim.o
                0x0000000008005b0a                HAL_TIM_OC_DelayElapsedCallback
 .text.HAL_TIM_IC_CaptureCallback
                0x0000000008005b1c       0x12 ./Drivers/STM32WLxx_HAL_Driver/Src/stm32wlxx_hal_tim.o
                0x0000000008005b1c                HAL_TIM_IC_CaptureCallback
 .text.HAL_TIM_PWM_PulseFinishedCallback
                0x0000000008005b2e       0x12 ./Drivers/STM32WLxx_HAL_Driver/Src/stm32wlxx_hal_tim.o
                0x0000000008005b2e                HAL_TIM_PWM_PulseFinishedCallback
 .text.HAL_TIM_TriggerCallback
                0x0000000008005b40       0x12 ./Drivers/STM32WLxx_HAL_Driver/Src/stm32wlxx_hal_tim.o
                0x0000000008005b40                HAL_TIM_TriggerCallback
 *fill*         0x0000000008005b52        0x2 
 .text.TIM_Base_SetConfig
                0x0000000008005b54       0xc4 ./Drivers/STM32WLxx_HAL_Driver/Src/stm32wlxx_hal_tim.o
                0x0000000008005b54                TIM_Base_SetConfig
 .text.HAL_TIMEx_CommutCallback
                0x0000000008005c18       0x12 ./Drivers/STM32WLxx_HAL_Driver/Src/stm32wlxx_hal_tim_ex.o
                0x0000000008005c18                HAL_TIMEx_CommutCallback
 .text.HAL_TIMEx_BreakCallback
                0x0000000008005c2a       0x12 ./Drivers/STM32WLxx_HAL_Driver/Src/stm32wlxx_hal_tim_ex.o
                0x0000000008005c2a                HAL_TIMEx_BreakCallback
 .text.HAL_TIMEx_Break2Callback
                0x0000000008005c3c       0x12 ./Drivers/STM32WLxx_HAL_Driver/Src/stm32wlxx_hal_tim_ex.o
                0x0000000008005c3c                HAL_TIMEx_Break2Callback
 .text.LL_RCC_GetUSARTClockSource
                0x0000000008005c4e       0x24 ./Drivers/STM32WLxx_HAL_Driver/Src/stm32wlxx_hal_uart.o
 .text.LL_RCC_GetLPUARTClockSource
                0x0000000008005c72       0x1e ./Drivers/STM32WLxx_HAL_Driver/Src/stm32wlxx_hal_uart.o
 .text.HAL_UART_Init
                0x0000000008005c90       0xa0 ./Drivers/STM32WLxx_HAL_Driver/Src/stm32wlxx_hal_uart.o
                0x0000000008005c90                HAL_UART_Init
 .text.UART_SetConfig
                0x0000000008005d30      0x4a0 ./Drivers/STM32WLxx_HAL_Driver/Src/stm32wlxx_hal_uart.o
                0x0000000008005d30                UART_SetConfig
 .text.UART_AdvFeatureConfig
                0x00000000080061d0      0x142 ./Drivers/STM32WLxx_HAL_Driver/Src/stm32wlxx_hal_uart.o
                0x00000000080061d0                UART_AdvFeatureConfig
 .text.UART_CheckIdleState
                0x0000000008006312       0x96 ./Drivers/STM32WLxx_HAL_Driver/Src/stm32wlxx_hal_uart.o
                0x0000000008006312                UART_CheckIdleState
 .text.UART_WaitOnFlagUntilTimeout
                0x00000000080063a8      0x190 ./Drivers/STM32WLxx_HAL_Driver/Src/stm32wlxx_hal_uart.o
                0x00000000080063a8                UART_WaitOnFlagUntilTimeout
 .text.HAL_UARTEx_DisableFifoMode
                0x0000000008006538       0x70 ./Drivers/STM32WLxx_HAL_Driver/Src/stm32wlxx_hal_uart_ex.o
                0x0000000008006538                HAL_UARTEx_DisableFifoMode
 .text.HAL_UARTEx_SetTxFifoThreshold
                0x00000000080065a8       0x7c ./Drivers/STM32WLxx_HAL_Driver/Src/stm32wlxx_hal_uart_ex.o
                0x00000000080065a8                HAL_UARTEx_SetTxFifoThreshold
 .text.HAL_UARTEx_SetRxFifoThreshold
                0x0000000008006624       0x7c ./Drivers/STM32WLxx_HAL_Driver/Src/stm32wlxx_hal_uart_ex.o
                0x0000000008006624                HAL_UARTEx_SetRxFifoThreshold
 .text.UARTEx_SetNbDataToProcess
                0x00000000080066a0       0x98 ./Drivers/STM32WLxx_HAL_Driver/Src/stm32wlxx_hal_uart_ex.o
 .text.SVC_Setup
                0x0000000008006738        0xc ./Middlewares/Third_Party/FreeRTOS/Source/CMSIS_RTOS_V2/cmsis_os2.o
 .text.osKernelInitialize
                0x0000000008006744       0x64 ./Middlewares/Third_Party/FreeRTOS/Source/CMSIS_RTOS_V2/cmsis_os2.o
                0x0000000008006744                osKernelInitialize
 .text.osKernelStart
                0x00000000080067a8       0x6c ./Middlewares/Third_Party/FreeRTOS/Source/CMSIS_RTOS_V2/cmsis_os2.o
                0x00000000080067a8                osKernelStart
 .text.osThreadNew
                0x0000000008006814      0x14c ./Middlewares/Third_Party/FreeRTOS/Source/CMSIS_RTOS_V2/cmsis_os2.o
                0x0000000008006814                osThreadNew
 .text.osDelay  0x0000000008006960       0x5c ./Middlewares/Third_Party/FreeRTOS/Source/CMSIS_RTOS_V2/cmsis_os2.o
                0x0000000008006960                osDelay
 .text.osSemaphoreNew
                0x00000000080069bc      0x138 ./Middlewares/Third_Party/FreeRTOS/Source/CMSIS_RTOS_V2/cmsis_os2.o
                0x00000000080069bc                osSemaphoreNew
 .text.osSemaphoreAcquire
                0x0000000008006af4       0xcc ./Middlewares/Third_Party/FreeRTOS/Source/CMSIS_RTOS_V2/cmsis_os2.o
                0x0000000008006af4                osSemaphoreAcquire
 .text.osSemaphoreRelease
                0x0000000008006bc0       0xb0 ./Middlewares/Third_Party/FreeRTOS/Source/CMSIS_RTOS_V2/cmsis_os2.o
                0x0000000008006bc0                osSemaphoreRelease
 .text.vApplicationGetIdleTaskMemory
                0x0000000008006c70       0x30 ./Middlewares/Third_Party/FreeRTOS/Source/CMSIS_RTOS_V2/cmsis_os2.o
                0x0000000008006c70                vApplicationGetIdleTaskMemory
 .text.vApplicationGetTimerTaskMemory
                0x0000000008006ca0       0x34 ./Middlewares/Third_Party/FreeRTOS/Source/CMSIS_RTOS_V2/cmsis_os2.o
                0x0000000008006ca0                vApplicationGetTimerTaskMemory
 .text.vListInitialise
                0x0000000008006cd4       0x3e ./Middlewares/Third_Party/FreeRTOS/Source/list.o
                0x0000000008006cd4                vListInitialise
 .text.vListInitialiseItem
                0x0000000008006d12       0x18 ./Middlewares/Third_Party/FreeRTOS/Source/list.o
                0x0000000008006d12                vListInitialiseItem
 .text.vListInsertEnd
                0x0000000008006d2a       0x46 ./Middlewares/Third_Party/FreeRTOS/Source/list.o
                0x0000000008006d2a                vListInsertEnd
 .text.vListInsert
                0x0000000008006d70       0x70 ./Middlewares/Third_Party/FreeRTOS/Source/list.o
                0x0000000008006d70                vListInsert
 .text.uxListRemove
                0x0000000008006de0       0x52 ./Middlewares/Third_Party/FreeRTOS/Source/list.o
                0x0000000008006de0                uxListRemove
 *fill*         0x0000000008006e32        0x2 
 .text.xQueueGenericReset
                0x0000000008006e34       0xd0 ./Middlewares/Third_Party/FreeRTOS/Source/queue.o
                0x0000000008006e34                xQueueGenericReset
 .text.xQueueGenericCreateStatic
                0x0000000008006f04       0xf0 ./Middlewares/Third_Party/FreeRTOS/Source/queue.o
                0x0000000008006f04                xQueueGenericCreateStatic
 .text.xQueueGenericCreate
                0x0000000008006ff4       0x80 ./Middlewares/Third_Party/FreeRTOS/Source/queue.o
                0x0000000008006ff4                xQueueGenericCreate
 .text.prvInitialiseNewQueue
                0x0000000008007074       0x46 ./Middlewares/Third_Party/FreeRTOS/Source/queue.o
 .text.xQueueCreateCountingSemaphoreStatic
                0x00000000080070ba       0x6e ./Middlewares/Third_Party/FreeRTOS/Source/queue.o
                0x00000000080070ba                xQueueCreateCountingSemaphoreStatic
 .text.xQueueCreateCountingSemaphore
                0x0000000008007128       0x66 ./Middlewares/Third_Party/FreeRTOS/Source/queue.o
                0x0000000008007128                xQueueCreateCountingSemaphore
 *fill*         0x000000000800718e        0x2 
 .text.xQueueGenericSend
                0x0000000008007190      0x1fc ./Middlewares/Third_Party/FreeRTOS/Source/queue.o
                0x0000000008007190                xQueueGenericSend
 .text.xQueueGenericSendFromISR
                0x000000000800738c      0x130 ./Middlewares/Third_Party/FreeRTOS/Source/queue.o
                0x000000000800738c                xQueueGenericSendFromISR
 .text.xQueueGiveFromISR
                0x00000000080074bc      0x11a ./Middlewares/Third_Party/FreeRTOS/Source/queue.o
                0x00000000080074bc                xQueueGiveFromISR
 *fill*         0x00000000080075d6        0x2 
 .text.xQueueReceive
                0x00000000080075d8      0x1c0 ./Middlewares/Third_Party/FreeRTOS/Source/queue.o
                0x00000000080075d8                xQueueReceive
 .text.xQueueSemaphoreTake
                0x0000000008007798      0x218 ./Middlewares/Third_Party/FreeRTOS/Source/queue.o
                0x0000000008007798                xQueueSemaphoreTake
 .text.xQueueReceiveFromISR
                0x00000000080079b0      0x100 ./Middlewares/Third_Party/FreeRTOS/Source/queue.o
                0x00000000080079b0                xQueueReceiveFromISR
 .text.vQueueDelete
                0x0000000008007ab0       0x46 ./Middlewares/Third_Party/FreeRTOS/Source/queue.o
                0x0000000008007ab0                vQueueDelete
 .text.prvGetDisinheritPriorityAfterTimeout
                0x0000000008007af6       0x2e ./Middlewares/Third_Party/FreeRTOS/Source/queue.o
 .text.prvCopyDataToQueue
                0x0000000008007b24       0xd4 ./Middlewares/Third_Party/FreeRTOS/Source/queue.o
 .text.prvCopyDataFromQueue
                0x0000000008007bf8       0x4c ./Middlewares/Third_Party/FreeRTOS/Source/queue.o
 .text.prvUnlockQueue
                0x0000000008007c44       0xa4 ./Middlewares/Third_Party/FreeRTOS/Source/queue.o
 .text.prvIsQueueEmpty
                0x0000000008007ce8       0x2c ./Middlewares/Third_Party/FreeRTOS/Source/queue.o
 .text.prvIsQueueFull
                0x0000000008007d14       0x30 ./Middlewares/Third_Party/FreeRTOS/Source/queue.o
 .text.vQueueAddToRegistry
                0x0000000008007d44       0x50 ./Middlewares/Third_Party/FreeRTOS/Source/queue.o
                0x0000000008007d44                vQueueAddToRegistry
 .text.vQueueUnregisterQueue
                0x0000000008007d94       0x54 ./Middlewares/Third_Party/FreeRTOS/Source/queue.o
                0x0000000008007d94                vQueueUnregisterQueue
 .text.vQueueWaitForMessageRestricted
                0x0000000008007de8       0x68 ./Middlewares/Third_Party/FreeRTOS/Source/queue.o
                0x0000000008007de8                vQueueWaitForMessageRestricted
 .text.xTaskCreateStatic
                0x0000000008007e50       0xba ./Middlewares/Third_Party/FreeRTOS/Source/tasks.o
                0x0000000008007e50                xTaskCreateStatic
 .text.xTaskCreate
                0x0000000008007f0a       0x8a ./Middlewares/Third_Party/FreeRTOS/Source/tasks.o
                0x0000000008007f0a                xTaskCreate
 .text.prvInitialiseNewTask
                0x0000000008007f94      0x14c ./Middlewares/Third_Party/FreeRTOS/Source/tasks.o
 .text.prvAddNewTaskToReadyList
                0x00000000080080e0       0xe0 ./Middlewares/Third_Party/FreeRTOS/Source/tasks.o
 .text.vTaskDelay
                0x00000000080081c0       0x68 ./Middlewares/Third_Party/FreeRTOS/Source/tasks.o
                0x00000000080081c0                vTaskDelay
 .text.vTaskStartScheduler
                0x0000000008008228       0xe0 ./Middlewares/Third_Party/FreeRTOS/Source/tasks.o
                0x0000000008008228                vTaskStartScheduler
 .text.vTaskSuspendAll
                0x0000000008008308       0x1c ./Middlewares/Third_Party/FreeRTOS/Source/tasks.o
                0x0000000008008308                vTaskSuspendAll
 .text.prvGetExpectedIdleTime
                0x0000000008008324       0x6c ./Middlewares/Third_Party/FreeRTOS/Source/tasks.o
 .text.xTaskResumeAll
                0x0000000008008390      0x13c ./Middlewares/Third_Party/FreeRTOS/Source/tasks.o
                0x0000000008008390                xTaskResumeAll
 .text.xTaskGetTickCount
                0x00000000080084cc       0x1c ./Middlewares/Third_Party/FreeRTOS/Source/tasks.o
                0x00000000080084cc                xTaskGetTickCount
 .text.vTaskStepTick
                0x00000000080084e8       0x4c ./Middlewares/Third_Party/FreeRTOS/Source/tasks.o
                0x00000000080084e8                vTaskStepTick
 .text.xTaskIncrementTick
                0x0000000008008534      0x174 ./Middlewares/Third_Party/FreeRTOS/Source/tasks.o
                0x0000000008008534                xTaskIncrementTick
 .text.vTaskSwitchContext
                0x00000000080086a8       0xc8 ./Middlewares/Third_Party/FreeRTOS/Source/tasks.o
                0x00000000080086a8                vTaskSwitchContext
 .text.vTaskPlaceOnEventList
                0x0000000008008770       0x48 ./Middlewares/Third_Party/FreeRTOS/Source/tasks.o
                0x0000000008008770                vTaskPlaceOnEventList
 .text.vTaskPlaceOnEventListRestricted
                0x00000000080087b8       0x58 ./Middlewares/Third_Party/FreeRTOS/Source/tasks.o
                0x00000000080087b8                vTaskPlaceOnEventListRestricted
 .text.xTaskRemoveFromEventList
                0x0000000008008810       0xcc ./Middlewares/Third_Party/FreeRTOS/Source/tasks.o
                0x0000000008008810                xTaskRemoveFromEventList
 .text.vTaskInternalSetTimeOutState
                0x00000000080088dc       0x2c ./Middlewares/Third_Party/FreeRTOS/Source/tasks.o
                0x00000000080088dc                vTaskInternalSetTimeOutState
 .text.xTaskCheckForTimeOut
                0x0000000008008908       0xc4 ./Middlewares/Third_Party/FreeRTOS/Source/tasks.o
                0x0000000008008908                xTaskCheckForTimeOut
 .text.vTaskMissedYield
                0x00000000080089cc       0x18 ./Middlewares/Third_Party/FreeRTOS/Source/tasks.o
                0x00000000080089cc                vTaskMissedYield
 .text.prvIdleTask
                0x00000000080089e4       0x80 ./Middlewares/Third_Party/FreeRTOS/Source/tasks.o
 .text.eTaskConfirmSleepModeStatus
                0x0000000008008a64       0x5c ./Middlewares/Third_Party/FreeRTOS/Source/tasks.o
                0x0000000008008a64                eTaskConfirmSleepModeStatus
 .text.prvInitialiseTaskLists
                0x0000000008008ac0       0x80 ./Middlewares/Third_Party/FreeRTOS/Source/tasks.o
 .text.prvCheckTasksWaitingTermination
                0x0000000008008b40       0x5c ./Middlewares/Third_Party/FreeRTOS/Source/tasks.o
 .text.prvDeleteTCB
                0x0000000008008b9c       0x68 ./Middlewares/Third_Party/FreeRTOS/Source/tasks.o
 .text.prvResetNextTaskUnblockTime
                0x0000000008008c04       0x40 ./Middlewares/Third_Party/FreeRTOS/Source/tasks.o
 .text.xTaskGetSchedulerState
                0x0000000008008c44       0x3c ./Middlewares/Third_Party/FreeRTOS/Source/tasks.o
                0x0000000008008c44                xTaskGetSchedulerState
 .text.xTaskPriorityInherit
                0x0000000008008c80       0xd0 ./Middlewares/Third_Party/FreeRTOS/Source/tasks.o
                0x0000000008008c80                xTaskPriorityInherit
 .text.xTaskPriorityDisinherit
                0x0000000008008d50       0xdc ./Middlewares/Third_Party/FreeRTOS/Source/tasks.o
                0x0000000008008d50                xTaskPriorityDisinherit
 .text.vTaskPriorityDisinheritAfterTimeout
                0x0000000008008e2c      0x104 ./Middlewares/Third_Party/FreeRTOS/Source/tasks.o
                0x0000000008008e2c                vTaskPriorityDisinheritAfterTimeout
 .text.pvTaskIncrementMutexHeldCount
                0x0000000008008f30       0x28 ./Middlewares/Third_Party/FreeRTOS/Source/tasks.o
                0x0000000008008f30                pvTaskIncrementMutexHeldCount
 .text.prvAddCurrentTaskToDelayedList
                0x0000000008008f58       0xa8 ./Middlewares/Third_Party/FreeRTOS/Source/tasks.o
 .text.xTimerCreateTimerTask
                0x0000000008009000       0x90 ./Middlewares/Third_Party/FreeRTOS/Source/timers.o
                0x0000000008009000                xTimerCreateTimerTask
 .text.xTimerGenericCommand
                0x0000000008009090       0x9c ./Middlewares/Third_Party/FreeRTOS/Source/timers.o
                0x0000000008009090                xTimerGenericCommand
 .text.prvProcessExpiredTimer
                0x000000000800912c       0x98 ./Middlewares/Third_Party/FreeRTOS/Source/timers.o
 .text.prvTimerTask
                0x00000000080091c4       0x24 ./Middlewares/Third_Party/FreeRTOS/Source/timers.o
 .text.prvProcessTimerOrBlockTask
                0x00000000080091e8       0x9c ./Middlewares/Third_Party/FreeRTOS/Source/timers.o
 .text.prvGetNextExpireTime
                0x0000000008009284       0x44 ./Middlewares/Third_Party/FreeRTOS/Source/timers.o
 .text.prvSampleTimeNow
                0x00000000080092c8       0x40 ./Middlewares/Third_Party/FreeRTOS/Source/timers.o
 .text.prvInsertTimerInActiveList
                0x0000000008009308       0x84 ./Middlewares/Third_Party/FreeRTOS/Source/timers.o
 .text.prvProcessReceivedCommands
                0x000000000800938c      0x1c4 ./Middlewares/Third_Party/FreeRTOS/Source/timers.o
 .text.prvSwitchTimerLists
                0x0000000008009550       0xc8 ./Middlewares/Third_Party/FreeRTOS/Source/timers.o
 .text.prvCheckForValidListAndQueue
                0x0000000008009618       0x80 ./Middlewares/Third_Party/FreeRTOS/Source/timers.o
 .text.pxPortInitialiseStack
                0x0000000008009698       0x58 ./Middlewares/Third_Party/FreeRTOS/Source/portable/GCC/ARM_CM3/port.o
                0x0000000008009698                pxPortInitialiseStack
 .text.prvTaskExitError
                0x00000000080096f0       0x58 ./Middlewares/Third_Party/FreeRTOS/Source/portable/GCC/ARM_CM3/port.o
 *fill*         0x0000000008009748        0x8 
 .text.SVC_Handler
                0x0000000008009750       0x28 ./Middlewares/Third_Party/FreeRTOS/Source/portable/GCC/ARM_CM3/port.o
                0x0000000008009750                SVC_Handler
 .text.prvPortStartFirstTask
                0x0000000008009778       0x20 ./Middlewares/Third_Party/FreeRTOS/Source/portable/GCC/ARM_CM3/port.o
 .text.xPortStartScheduler
                0x0000000008009798       0xe4 ./Middlewares/Third_Party/FreeRTOS/Source/portable/GCC/ARM_CM3/port.o
                0x0000000008009798                xPortStartScheduler
 .text.vPortEnterCritical
                0x000000000800987c       0x60 ./Middlewares/Third_Party/FreeRTOS/Source/portable/GCC/ARM_CM3/port.o
                0x000000000800987c                vPortEnterCritical
 .text.vPortExitCritical
                0x00000000080098dc       0x50 ./Middlewares/Third_Party/FreeRTOS/Source/portable/GCC/ARM_CM3/port.o
                0x00000000080098dc                vPortExitCritical
 *fill*         0x000000000800992c        0x4 
 .text.PendSV_Handler
                0x0000000008009930       0x48 ./Middlewares/Third_Party/FreeRTOS/Source/portable/GCC/ARM_CM3/port.o
                0x0000000008009930                PendSV_Handler
 .text.SysTick_Handler
                0x0000000008009978       0x44 ./Middlewares/Third_Party/FreeRTOS/Source/portable/GCC/ARM_CM3/port.o
                0x0000000008009978                SysTick_Handler
 .text.vPortSuppressTicksAndSleep
                0x00000000080099bc      0x198 ./Middlewares/Third_Party/FreeRTOS/Source/portable/GCC/ARM_CM3/port.o
                0x00000000080099bc                vPortSuppressTicksAndSleep
 .text.vPortSetupTimerInterrupt
                0x0000000008009b54       0x78 ./Middlewares/Third_Party/FreeRTOS/Source/portable/GCC/ARM_CM3/port.o
                0x0000000008009b54                vPortSetupTimerInterrupt
 .text.vPortValidateInterruptPriority
                0x0000000008009bcc       0x7c ./Middlewares/Third_Party/FreeRTOS/Source/portable/GCC/ARM_CM3/port.o
                0x0000000008009bcc                vPortValidateInterruptPriority
 .text.pvPortMalloc
                0x0000000008009c48      0x188 ./Middlewares/Third_Party/FreeRTOS/Source/portable/MemMang/heap_4.o
                0x0000000008009c48                pvPortMalloc
 .text.vPortFree
                0x0000000008009dd0       0xb4 ./Middlewares/Third_Party/FreeRTOS/Source/portable/MemMang/heap_4.o
                0x0000000008009dd0                vPortFree
 .text.prvHeapInit
                0x0000000008009e84       0xc4 ./Middlewares/Third_Party/FreeRTOS/Source/portable/MemMang/heap_4.o
 .text.prvInsertBlockIntoFreeList
                0x0000000008009f48       0xb0 ./Middlewares/Third_Party/FreeRTOS/Source/portable/MemMang/heap_4.o
 .text.RadioInit
                0x0000000008009ff8       0xac ./Middlewares/Third_Party/SubGHz_Phy/stm32_radio_driver/radio.o
 .text.RadioGetStatus
                0x000000000800a0a4       0x2e ./Middlewares/Third_Party/SubGHz_Phy/stm32_radio_driver/radio.o
 *fill*         0x000000000800a0d2        0x2 
 .text.RadioSetModem
                0x000000000800a0d4       0xa4 ./Middlewares/Third_Party/SubGHz_Phy/stm32_radio_driver/radio.o
 .text.RadioSetChannel
                0x000000000800a178       0x16 ./Middlewares/Third_Party/SubGHz_Phy/stm32_radio_driver/radio.o
 .text.RadioIsChannelFree
                0x000000000800a18e       0xb4 ./Middlewares/Third_Party/SubGHz_Phy/stm32_radio_driver/radio.o
 .text.RadioRandom
                0x000000000800a242       0x2c ./Middlewares/Third_Party/SubGHz_Phy/stm32_radio_driver/radio.o
 *fill*         0x000000000800a26e        0x2 
 .text.RadioSetRxConfig
                0x000000000800a270      0x420 ./Middlewares/Third_Party/SubGHz_Phy/stm32_radio_driver/radio.o
 .text.RadioSetTxConfig
                0x000000000800a690      0x238 ./Middlewares/Third_Party/SubGHz_Phy/stm32_radio_driver/radio.o
 .text.RadioCheckRfFrequency
                0x000000000800a8c8       0x14 ./Middlewares/Third_Party/SubGHz_Phy/stm32_radio_driver/radio.o
 .text.RadioGetLoRaBandwidthInHz
                0x000000000800a8dc       0xac ./Middlewares/Third_Party/SubGHz_Phy/stm32_radio_driver/radio.o
 .text.RadioGetGfskTimeOnAirNumerator
                0x000000000800a988       0x54 ./Middlewares/Third_Party/SubGHz_Phy/stm32_radio_driver/radio.o
 .text.RadioGetLoRaTimeOnAirNumerator
                0x000000000800a9dc      0x102 ./Middlewares/Third_Party/SubGHz_Phy/stm32_radio_driver/radio.o
 *fill*         0x000000000800aade        0x2 
 .text.RadioTimeOnAir
                0x000000000800aae0       0xb0 ./Middlewares/Third_Party/SubGHz_Phy/stm32_radio_driver/radio.o
 .text.RadioSend
                0x000000000800ab90      0x1e8 ./Middlewares/Third_Party/SubGHz_Phy/stm32_radio_driver/radio.o
 .text.RadioSleep
                0x000000000800ad78       0x26 ./Middlewares/Third_Party/SubGHz_Phy/stm32_radio_driver/radio.o
 .text.RadioStandby
                0x000000000800ad9e        0xe ./Middlewares/Third_Party/SubGHz_Phy/stm32_radio_driver/radio.o
 .text.RadioRx  0x000000000800adac       0x78 ./Middlewares/Third_Party/SubGHz_Phy/stm32_radio_driver/radio.o
 .text.RadioRxBoosted
                0x000000000800ae24       0x78 ./Middlewares/Third_Party/SubGHz_Phy/stm32_radio_driver/radio.o
 .text.RadioSetRxDutyCycle
                0x000000000800ae9c       0x2c ./Middlewares/Third_Party/SubGHz_Phy/stm32_radio_driver/radio.o
 .text.RadioStartCad
                0x000000000800aec8       0x30 ./Middlewares/Third_Party/SubGHz_Phy/stm32_radio_driver/radio.o
 .text.RadioSetTxContinuousWave
                0x000000000800aef8       0x58 ./Middlewares/Third_Party/SubGHz_Phy/stm32_radio_driver/radio.o
 .text.RadioRssi
                0x000000000800af50       0x1a ./Middlewares/Third_Party/SubGHz_Phy/stm32_radio_driver/radio.o
 .text.RadioWrite
                0x000000000800af6a       0x24 ./Middlewares/Third_Party/SubGHz_Phy/stm32_radio_driver/radio.o
 .text.RadioRead
                0x000000000800af8e       0x1c ./Middlewares/Third_Party/SubGHz_Phy/stm32_radio_driver/radio.o
 .text.RadioWriteRegisters
                0x000000000800afaa       0x26 ./Middlewares/Third_Party/SubGHz_Phy/stm32_radio_driver/radio.o
 .text.RadioReadRegisters
                0x000000000800afd0       0x26 ./Middlewares/Third_Party/SubGHz_Phy/stm32_radio_driver/radio.o
 *fill*         0x000000000800aff6        0x2 
 .text.RadioSetMaxPayloadLength
                0x000000000800aff8       0x5c ./Middlewares/Third_Party/SubGHz_Phy/stm32_radio_driver/radio.o
 .text.RadioSetPublicNetwork
                0x000000000800b054       0x5c ./Middlewares/Third_Party/SubGHz_Phy/stm32_radio_driver/radio.o
 .text.RadioGetWakeupTime
                0x000000000800b0b0       0x10 ./Middlewares/Third_Party/SubGHz_Phy/stm32_radio_driver/radio.o
 .text.RadioOnTxTimeoutIrq
                0x000000000800b0c0       0x14 ./Middlewares/Third_Party/SubGHz_Phy/stm32_radio_driver/radio.o
 .text.RadioOnRxTimeoutIrq
                0x000000000800b0d4       0x14 ./Middlewares/Third_Party/SubGHz_Phy/stm32_radio_driver/radio.o
 .text.RadioOnTxTimeoutProcess
                0x000000000800b0e8       0x28 ./Middlewares/Third_Party/SubGHz_Phy/stm32_radio_driver/radio.o
 .text.RadioOnRxTimeoutProcess
                0x000000000800b110       0x28 ./Middlewares/Third_Party/SubGHz_Phy/stm32_radio_driver/radio.o
 .text.RadioOnDioIrq
                0x000000000800b138       0x24 ./Middlewares/Third_Party/SubGHz_Phy/stm32_radio_driver/radio.o
 .text.RadioIrqProcess
                0x000000000800b15c      0x35c ./Middlewares/Third_Party/SubGHz_Phy/stm32_radio_driver/radio.o
 .text.RadioTxPrbs
                0x000000000800b4b8       0x38 ./Middlewares/Third_Party/SubGHz_Phy/stm32_radio_driver/radio.o
 .text.RadioTxCw
                0x000000000800b4f0       0x2e ./Middlewares/Third_Party/SubGHz_Phy/stm32_radio_driver/radio.o
 .text.payload_integration
                0x000000000800b51e      0x120 ./Middlewares/Third_Party/SubGHz_Phy/stm32_radio_driver/radio.o
 *fill*         0x000000000800b63e        0x2 
 .text.RadioSetRxGenericConfig
                0x000000000800b640      0x3a0 ./Middlewares/Third_Party/SubGHz_Phy/stm32_radio_driver/radio.o
 .text.RadioSetTxGenericConfig
                0x000000000800b9e0      0x334 ./Middlewares/Third_Party/SubGHz_Phy/stm32_radio_driver/radio.o
 .text.SUBGRF_Init
                0x000000000800bd14       0x84 ./Middlewares/Third_Party/SubGHz_Phy/stm32_radio_driver/radio_driver.o
                0x000000000800bd14                SUBGRF_Init
 .text.SUBGRF_GetOperatingMode
                0x000000000800bd98       0x14 ./Middlewares/Third_Party/SubGHz_Phy/stm32_radio_driver/radio_driver.o
                0x000000000800bd98                SUBGRF_GetOperatingMode
 .text.SUBGRF_SetPayload
                0x000000000800bdac       0x20 ./Middlewares/Third_Party/SubGHz_Phy/stm32_radio_driver/radio_driver.o
                0x000000000800bdac                SUBGRF_SetPayload
 .text.SUBGRF_GetPayload
                0x000000000800bdcc       0x44 ./Middlewares/Third_Party/SubGHz_Phy/stm32_radio_driver/radio_driver.o
                0x000000000800bdcc                SUBGRF_GetPayload
 .text.SUBGRF_SendPayload
                0x000000000800be10       0x26 ./Middlewares/Third_Party/SubGHz_Phy/stm32_radio_driver/radio_driver.o
                0x000000000800be10                SUBGRF_SendPayload
 .text.SUBGRF_SetSyncWord
                0x000000000800be36       0x1e ./Middlewares/Third_Party/SubGHz_Phy/stm32_radio_driver/radio_driver.o
                0x000000000800be36                SUBGRF_SetSyncWord
 .text.SUBGRF_SetCrcSeed
                0x000000000800be54       0x40 ./Middlewares/Third_Party/SubGHz_Phy/stm32_radio_driver/radio_driver.o
                0x000000000800be54                SUBGRF_SetCrcSeed
 .text.SUBGRF_SetCrcPolynomial
                0x000000000800be94       0x40 ./Middlewares/Third_Party/SubGHz_Phy/stm32_radio_driver/radio_driver.o
                0x000000000800be94                SUBGRF_SetCrcPolynomial
 .text.SUBGRF_SetWhiteningSeed
                0x000000000800bed4       0x66 ./Middlewares/Third_Party/SubGHz_Phy/stm32_radio_driver/radio_driver.o
                0x000000000800bed4                SUBGRF_SetWhiteningSeed
 .text.SUBGRF_GetRandom
                0x000000000800bf3a       0x8c ./Middlewares/Third_Party/SubGHz_Phy/stm32_radio_driver/radio_driver.o
                0x000000000800bf3a                SUBGRF_GetRandom
 *fill*         0x000000000800bfc6        0x2 
 .text.SUBGRF_SetSleep
                0x000000000800bfc8       0x64 ./Middlewares/Third_Party/SubGHz_Phy/stm32_radio_driver/radio_driver.o
                0x000000000800bfc8                SUBGRF_SetSleep
 .text.SUBGRF_SetStandby
                0x000000000800c02c       0x38 ./Middlewares/Third_Party/SubGHz_Phy/stm32_radio_driver/radio_driver.o
                0x000000000800c02c                SUBGRF_SetStandby
 .text.SUBGRF_SetTx
                0x000000000800c064       0x40 ./Middlewares/Third_Party/SubGHz_Phy/stm32_radio_driver/radio_driver.o
                0x000000000800c064                SUBGRF_SetTx
 .text.SUBGRF_SetRx
                0x000000000800c0a4       0x40 ./Middlewares/Third_Party/SubGHz_Phy/stm32_radio_driver/radio_driver.o
                0x000000000800c0a4                SUBGRF_SetRx
 .text.SUBGRF_SetRxBoosted
                0x000000000800c0e4       0x48 ./Middlewares/Third_Party/SubGHz_Phy/stm32_radio_driver/radio_driver.o
                0x000000000800c0e4                SUBGRF_SetRxBoosted
 .text.SUBGRF_SetRxDutyCycle
                0x000000000800c12c       0x58 ./Middlewares/Third_Party/SubGHz_Phy/stm32_radio_driver/radio_driver.o
                0x000000000800c12c                SUBGRF_SetRxDutyCycle
 .text.SUBGRF_SetCad
                0x000000000800c184       0x1c ./Middlewares/Third_Party/SubGHz_Phy/stm32_radio_driver/radio_driver.o
                0x000000000800c184                SUBGRF_SetCad
 .text.SUBGRF_SetTxContinuousWave
                0x000000000800c1a0       0x12 ./Middlewares/Third_Party/SubGHz_Phy/stm32_radio_driver/radio_driver.o
                0x000000000800c1a0                SUBGRF_SetTxContinuousWave
 .text.SUBGRF_SetTxInfinitePreamble
                0x000000000800c1b2       0x12 ./Middlewares/Third_Party/SubGHz_Phy/stm32_radio_driver/radio_driver.o
                0x000000000800c1b2                SUBGRF_SetTxInfinitePreamble
 .text.SUBGRF_SetStopRxTimerOnPreambleDetect
                0x000000000800c1c4       0x1e ./Middlewares/Third_Party/SubGHz_Phy/stm32_radio_driver/radio_driver.o
                0x000000000800c1c4                SUBGRF_SetStopRxTimerOnPreambleDetect
 .text.SUBGRF_SetLoRaSymbNumTimeout
                0x000000000800c1e2       0x5e ./Middlewares/Third_Party/SubGHz_Phy/stm32_radio_driver/radio_driver.o
                0x000000000800c1e2                SUBGRF_SetLoRaSymbNumTimeout
 .text.SUBGRF_SetRegulatorMode
                0x000000000800c240       0x2e ./Middlewares/Third_Party/SubGHz_Phy/stm32_radio_driver/radio_driver.o
                0x000000000800c240                SUBGRF_SetRegulatorMode
 .text.SUBGRF_Calibrate
                0x000000000800c26e       0x8c ./Middlewares/Third_Party/SubGHz_Phy/stm32_radio_driver/radio_driver.o
                0x000000000800c26e                SUBGRF_Calibrate
 *fill*         0x000000000800c2fa        0x2 
 .text.SUBGRF_CalibrateImage
                0x000000000800c2fc       0x8c ./Middlewares/Third_Party/SubGHz_Phy/stm32_radio_driver/radio_driver.o
                0x000000000800c2fc                SUBGRF_CalibrateImage
 .text.SUBGRF_SetPaConfig
                0x000000000800c388       0x44 ./Middlewares/Third_Party/SubGHz_Phy/stm32_radio_driver/radio_driver.o
                0x000000000800c388                SUBGRF_SetPaConfig
 .text.SUBGRF_SetDioIrqParams
                0x000000000800c3cc       0x74 ./Middlewares/Third_Party/SubGHz_Phy/stm32_radio_driver/radio_driver.o
                0x000000000800c3cc                SUBGRF_SetDioIrqParams
 .text.SUBGRF_SetTcxoMode
                0x000000000800c440       0x42 ./Middlewares/Third_Party/SubGHz_Phy/stm32_radio_driver/radio_driver.o
                0x000000000800c440                SUBGRF_SetTcxoMode
 *fill*         0x000000000800c482        0x2 
 .text.SUBGRF_SetRfFrequency
                0x000000000800c484       0x84 ./Middlewares/Third_Party/SubGHz_Phy/stm32_radio_driver/radio_driver.o
                0x000000000800c484                SUBGRF_SetRfFrequency
 .text.SUBGRF_SetPacketType
                0x000000000800c508       0x38 ./Middlewares/Third_Party/SubGHz_Phy/stm32_radio_driver/radio_driver.o
                0x000000000800c508                SUBGRF_SetPacketType
 .text.SUBGRF_GetPacketType
                0x000000000800c540       0x14 ./Middlewares/Third_Party/SubGHz_Phy/stm32_radio_driver/radio_driver.o
                0x000000000800c540                SUBGRF_GetPacketType
 .text.SUBGRF_SetTxParams
                0x000000000800c554       0xcc ./Middlewares/Third_Party/SubGHz_Phy/stm32_radio_driver/radio_driver.o
                0x000000000800c554                SUBGRF_SetTxParams
 .text.SUBGRF_SetModulationParams
                0x000000000800c620      0x198 ./Middlewares/Third_Party/SubGHz_Phy/stm32_radio_driver/radio_driver.o
                0x000000000800c620                SUBGRF_SetModulationParams
 .text.SUBGRF_SetPacketParams
                0x000000000800c7b8      0x13c ./Middlewares/Third_Party/SubGHz_Phy/stm32_radio_driver/radio_driver.o
                0x000000000800c7b8                SUBGRF_SetPacketParams
 .text.SUBGRF_SetBufferBaseAddress
                0x000000000800c8f4       0x2e ./Middlewares/Third_Party/SubGHz_Phy/stm32_radio_driver/radio_driver.o
                0x000000000800c8f4                SUBGRF_SetBufferBaseAddress
 .text.SUBGRF_GetRssiInst
                0x000000000800c922       0x2a ./Middlewares/Third_Party/SubGHz_Phy/stm32_radio_driver/radio_driver.o
                0x000000000800c922                SUBGRF_GetRssiInst
 .text.SUBGRF_GetRxBufferStatus
                0x000000000800c94c       0x58 ./Middlewares/Third_Party/SubGHz_Phy/stm32_radio_driver/radio_driver.o
                0x000000000800c94c                SUBGRF_GetRxBufferStatus
 .text.SUBGRF_GetPacketStatus
                0x000000000800c9a4       0xa4 ./Middlewares/Third_Party/SubGHz_Phy/stm32_radio_driver/radio_driver.o
                0x000000000800c9a4                SUBGRF_GetPacketStatus
 .text.SUBGRF_WriteRegister
                0x000000000800ca48       0x28 ./Middlewares/Third_Party/SubGHz_Phy/stm32_radio_driver/radio_driver.o
                0x000000000800ca48                SUBGRF_WriteRegister
 .text.SUBGRF_ReadRegister
                0x000000000800ca70       0x28 ./Middlewares/Third_Party/SubGHz_Phy/stm32_radio_driver/radio_driver.o
                0x000000000800ca70                SUBGRF_ReadRegister
 .text.SUBGRF_WriteRegisters
                0x000000000800ca98       0x44 ./Middlewares/Third_Party/SubGHz_Phy/stm32_radio_driver/radio_driver.o
                0x000000000800ca98                SUBGRF_WriteRegisters
 .text.SUBGRF_ReadRegisters
                0x000000000800cadc       0x44 ./Middlewares/Third_Party/SubGHz_Phy/stm32_radio_driver/radio_driver.o
                0x000000000800cadc                SUBGRF_ReadRegisters
 .text.SUBGRF_WriteBuffer
                0x000000000800cb20       0x44 ./Middlewares/Third_Party/SubGHz_Phy/stm32_radio_driver/radio_driver.o
                0x000000000800cb20                SUBGRF_WriteBuffer
 .text.SUBGRF_ReadBuffer
                0x000000000800cb64       0x44 ./Middlewares/Third_Party/SubGHz_Phy/stm32_radio_driver/radio_driver.o
                0x000000000800cb64                SUBGRF_ReadBuffer
 .text.SUBGRF_WriteCommand
                0x000000000800cba8       0x44 ./Middlewares/Third_Party/SubGHz_Phy/stm32_radio_driver/radio_driver.o
 .text.SUBGRF_ReadCommand
                0x000000000800cbec       0x44 ./Middlewares/Third_Party/SubGHz_Phy/stm32_radio_driver/radio_driver.o
 .text.SUBGRF_SetSwitch
                0x000000000800cc30       0x50 ./Middlewares/Third_Party/SubGHz_Phy/stm32_radio_driver/radio_driver.o
                0x000000000800cc30                SUBGRF_SetSwitch
 .text.SUBGRF_SetRfTxPower
                0x000000000800cc80       0x68 ./Middlewares/Third_Party/SubGHz_Phy/stm32_radio_driver/radio_driver.o
                0x000000000800cc80                SUBGRF_SetRfTxPower
 .text.SUBGRF_GetRadioWakeUpTime
                0x000000000800cce8        0xe ./Middlewares/Third_Party/SubGHz_Phy/stm32_radio_driver/radio_driver.o
                0x000000000800cce8                SUBGRF_GetRadioWakeUpTime
 *fill*         0x000000000800ccf6        0x2 
 .text.HAL_SUBGHZ_TxCpltCallback
                0x000000000800ccf8       0x1c ./Middlewares/Third_Party/SubGHz_Phy/stm32_radio_driver/radio_driver.o
                0x000000000800ccf8                HAL_SUBGHZ_TxCpltCallback
 .text.HAL_SUBGHZ_RxCpltCallback
                0x000000000800cd14       0x1c ./Middlewares/Third_Party/SubGHz_Phy/stm32_radio_driver/radio_driver.o
                0x000000000800cd14                HAL_SUBGHZ_RxCpltCallback
 .text.HAL_SUBGHZ_CRCErrorCallback
                0x000000000800cd30       0x1c ./Middlewares/Third_Party/SubGHz_Phy/stm32_radio_driver/radio_driver.o
                0x000000000800cd30                HAL_SUBGHZ_CRCErrorCallback
 .text.HAL_SUBGHZ_CADStatusCallback
                0x000000000800cd4c       0x3c ./Middlewares/Third_Party/SubGHz_Phy/stm32_radio_driver/radio_driver.o
                0x000000000800cd4c                HAL_SUBGHZ_CADStatusCallback
 .text.HAL_SUBGHZ_RxTxTimeoutCallback
                0x000000000800cd88       0x20 ./Middlewares/Third_Party/SubGHz_Phy/stm32_radio_driver/radio_driver.o
                0x000000000800cd88                HAL_SUBGHZ_RxTxTimeoutCallback
 .text.HAL_SUBGHZ_HeaderErrorCallback
                0x000000000800cda8       0x1c ./Middlewares/Third_Party/SubGHz_Phy/stm32_radio_driver/radio_driver.o
                0x000000000800cda8                HAL_SUBGHZ_HeaderErrorCallback
 .text.HAL_SUBGHZ_PreambleDetectedCallback
                0x000000000800cdc4       0x1c ./Middlewares/Third_Party/SubGHz_Phy/stm32_radio_driver/radio_driver.o
                0x000000000800cdc4                HAL_SUBGHZ_PreambleDetectedCallback
 .text.HAL_SUBGHZ_SyncWordValidCallback
                0x000000000800cde0       0x1c ./Middlewares/Third_Party/SubGHz_Phy/stm32_radio_driver/radio_driver.o
                0x000000000800cde0                HAL_SUBGHZ_SyncWordValidCallback
 .text.HAL_SUBGHZ_HeaderValidCallback
                0x000000000800cdfc       0x1c ./Middlewares/Third_Party/SubGHz_Phy/stm32_radio_driver/radio_driver.o
                0x000000000800cdfc                HAL_SUBGHZ_HeaderValidCallback
 .text.Radio_SMPS_Set
                0x000000000800ce18       0x42 ./Middlewares/Third_Party/SubGHz_Phy/stm32_radio_driver/radio_driver.o
 *fill*         0x000000000800ce5a        0x2 
 .text.SUBGRF_GetFskBandwidthRegValue
                0x000000000800ce5c       0x50 ./Middlewares/Third_Party/SubGHz_Phy/stm32_radio_driver/radio_driver.o
                0x000000000800ce5c                SUBGRF_GetFskBandwidthRegValue
 .text.SUBGRF_GetCFO
                0x000000000800ceac       0xec ./Middlewares/Third_Party/SubGHz_Phy/stm32_radio_driver/radio_driver.o
                0x000000000800ceac                SUBGRF_GetCFO
 .text.RFW_TransmitLongPacket
                0x000000000800cf98       0x24 ./Middlewares/Third_Party/SubGHz_Phy/stm32_radio_driver/radio_fw.o
                0x000000000800cf98                RFW_TransmitLongPacket
 .text.RFW_ReceiveLongPacket
                0x000000000800cfbc       0x24 ./Middlewares/Third_Party/SubGHz_Phy/stm32_radio_driver/radio_fw.o
                0x000000000800cfbc                RFW_ReceiveLongPacket
 .text.RFW_Init
                0x000000000800cfe0       0x1a ./Middlewares/Third_Party/SubGHz_Phy/stm32_radio_driver/radio_fw.o
                0x000000000800cfe0                RFW_Init
 .text.RFW_DeInit
                0x000000000800cffa        0xc ./Middlewares/Third_Party/SubGHz_Phy/stm32_radio_driver/radio_fw.o
                0x000000000800cffa                RFW_DeInit
 .text.RFW_Is_Init
                0x000000000800d006        0xe ./Middlewares/Third_Party/SubGHz_Phy/stm32_radio_driver/radio_fw.o
                0x000000000800d006                RFW_Is_Init
 .text.RFW_Is_LongPacketModeEnabled
                0x000000000800d014        0xe ./Middlewares/Third_Party/SubGHz_Phy/stm32_radio_driver/radio_fw.o
                0x000000000800d014                RFW_Is_LongPacketModeEnabled
 .text.RFW_SetAntSwitch
                0x000000000800d022       0x14 ./Middlewares/Third_Party/SubGHz_Phy/stm32_radio_driver/radio_fw.o
                0x000000000800d022                RFW_SetAntSwitch
 .text.RFW_TransmitInit
                0x000000000800d036       0x20 ./Middlewares/Third_Party/SubGHz_Phy/stm32_radio_driver/radio_fw.o
                0x000000000800d036                RFW_TransmitInit
 .text.RFW_ReceiveInit
                0x000000000800d056       0x10 ./Middlewares/Third_Party/SubGHz_Phy/stm32_radio_driver/radio_fw.o
                0x000000000800d056                RFW_ReceiveInit
 .text.RFW_DeInit_TxLongPacket
                0x000000000800d066        0xc ./Middlewares/Third_Party/SubGHz_Phy/stm32_radio_driver/radio_fw.o
                0x000000000800d066                RFW_DeInit_TxLongPacket
 .text.RFW_ReceivePayload
                0x000000000800d072        0xc ./Middlewares/Third_Party/SubGHz_Phy/stm32_radio_driver/radio_fw.o
                0x000000000800d072                RFW_ReceivePayload
 .text.RFW_SetRadioModem
                0x000000000800d07e       0x14 ./Middlewares/Third_Party/SubGHz_Phy/stm32_radio_driver/radio_fw.o
                0x000000000800d07e                RFW_SetRadioModem
 *fill*         0x000000000800d092        0x2 
 .text.MX_SubGHz_Phy_Init
                0x000000000800d094       0x24 ./SubGHz_Phy/App/app_subghz_phy.o
                0x000000000800d094                MX_SubGHz_Phy_Init
 .text.packetSendCallback
                0x000000000800d0b8       0x2c ./SubGHz_Phy/App/app_subghz_phy.o
 .text.packetRecviceCallback
                0x000000000800d0e4       0x64 ./SubGHz_Phy/App/app_subghz_phy.o
 .text.MX_SubGhz_Phy_Radio_Sleep
                0x000000000800d148        0xc ./SubGHz_Phy/App/app_subghz_phy.o
                0x000000000800d148                MX_SubGhz_Phy_Radio_Sleep
 .text.MX_SubGhz_Phy_SendPacket
                0x000000000800d154       0x28 ./SubGHz_Phy/App/app_subghz_phy.o
                0x000000000800d154                MX_SubGhz_Phy_SendPacket
 .text.MX_SubGhz_Phy_Get_SendPacket_State
                0x000000000800d17c       0x14 ./SubGHz_Phy/App/app_subghz_phy.o
                0x000000000800d17c                MX_SubGhz_Phy_Get_SendPacket_State
 .text.MX_SubGhz_Phy_RecvicePacket
                0x000000000800d190       0x18 ./SubGHz_Phy/App/app_subghz_phy.o
                0x000000000800d190                MX_SubGhz_Phy_RecvicePacket
 .text.MX_SubGhz_Phy_Get_RecvicePacket_State
                0x000000000800d1a8       0x14 ./SubGHz_Phy/App/app_subghz_phy.o
                0x000000000800d1a8                MX_SubGhz_Phy_Get_RecvicePacket_State
 .text.MX_SubGhz_Phy_Get_RecvicePacket
                0x000000000800d1bc       0x50 ./SubGHz_Phy/App/app_subghz_phy.o
                0x000000000800d1bc                MX_SubGhz_Phy_Get_RecvicePacket
 .text.SubghzApp_Init
                0x000000000800d20c       0xe0 ./SubGHz_Phy/App/subghz_phy_app.o
                0x000000000800d20c                SubghzApp_Init
 .text.PacketSendCallbackRegister
                0x000000000800d2ec       0x1c ./SubGHz_Phy/App/subghz_phy_app.o
                0x000000000800d2ec                PacketSendCallbackRegister
 .text.PacketRecviceCallbackRegister
                0x000000000800d308       0x1c ./SubGHz_Phy/App/subghz_phy_app.o
                0x000000000800d308                PacketRecviceCallbackRegister
 .text.SubghzApp_Sleep
                0x000000000800d324       0x14 ./SubGHz_Phy/App/subghz_phy_app.o
                0x000000000800d324                SubghzApp_Sleep
 .text.SubghzApp_TX
                0x000000000800d338       0x24 ./SubGHz_Phy/App/subghz_phy_app.o
                0x000000000800d338                SubghzApp_TX
 .text.SubghzApp_RX
                0x000000000800d35c       0x4c ./SubGHz_Phy/App/subghz_phy_app.o
                0x000000000800d35c                SubghzApp_RX
 .text.OnTxDone
                0x000000000800d3a8       0x1c ./SubGHz_Phy/App/subghz_phy_app.o
 .text.OnRxDone
                0x000000000800d3c4       0x94 ./SubGHz_Phy/App/subghz_phy_app.o
 .text.OnTxTimeout
                0x000000000800d458       0x1c ./SubGHz_Phy/App/subghz_phy_app.o
 .text.OnRxTimeout
                0x000000000800d474       0x48 ./SubGHz_Phy/App/subghz_phy_app.o
 .text.OnRxError
                0x000000000800d4bc       0x48 ./SubGHz_Phy/App/subghz_phy_app.o
 .text.RBI_Init
                0x000000000800d504       0x16 ./SubGHz_Phy/Target/radio_board_if.o
                0x000000000800d504                RBI_Init
 .text.RBI_ConfigRFSwitch
                0x000000000800d51a       0x1a ./SubGHz_Phy/Target/radio_board_if.o
                0x000000000800d51a                RBI_ConfigRFSwitch
 .text.RBI_GetTxConfig
                0x000000000800d534       0x16 ./SubGHz_Phy/Target/radio_board_if.o
                0x000000000800d534                RBI_GetTxConfig
 .text.RBI_IsTCXO
                0x000000000800d54a       0x16 ./SubGHz_Phy/Target/radio_board_if.o
                0x000000000800d54a                RBI_IsTCXO
 .text.RBI_IsDCDC
                0x000000000800d560       0x16 ./SubGHz_Phy/Target/radio_board_if.o
                0x000000000800d560                RBI_IsDCDC
 .text.UTIL_MEM_set_8
                0x000000000800d576       0x36 ./Utilities/misc/stm32_mem.o
                0x000000000800d576                UTIL_MEM_set_8
 .text.UTIL_TIMER_Create
                0x000000000800d5ac       0x6c ./Utilities/timer/stm32_timer.o
                0x000000000800d5ac                UTIL_TIMER_Create
 .text.UTIL_TIMER_Start
                0x000000000800d618       0xdc ./Utilities/timer/stm32_timer.o
                0x000000000800d618                UTIL_TIMER_Start
 .text.UTIL_TIMER_Stop
                0x000000000800d6f4       0xe0 ./Utilities/timer/stm32_timer.o
                0x000000000800d6f4                UTIL_TIMER_Stop
 .text.UTIL_TIMER_SetPeriod
                0x000000000800d7d4       0x54 ./Utilities/timer/stm32_timer.o
                0x000000000800d7d4                UTIL_TIMER_SetPeriod
 .text.UTIL_TIMER_GetCurrentTime
                0x000000000800d828       0x24 ./Utilities/timer/stm32_timer.o
                0x000000000800d828                UTIL_TIMER_GetCurrentTime
 .text.UTIL_TIMER_GetElapsedTime
                0x000000000800d84c       0x38 ./Utilities/timer/stm32_timer.o
                0x000000000800d84c                UTIL_TIMER_GetElapsedTime
 .text.TimerExists
                0x000000000800d884       0x38 ./Utilities/timer/stm32_timer.o
                0x000000000800d884                TimerExists
 .text.TimerSetTimeout
                0x000000000800d8bc       0x54 ./Utilities/timer/stm32_timer.o
                0x000000000800d8bc                TimerSetTimeout
 .text.TimerInsertTimer
                0x000000000800d910       0x60 ./Utilities/timer/stm32_timer.o
                0x000000000800d910                TimerInsertTimer
 .text.TimerInsertNewHeadTimer
                0x000000000800d970       0x3c ./Utilities/timer/stm32_timer.o
                0x000000000800d970                TimerInsertNewHeadTimer
 .text.__libc_init_array
                0x000000000800d9ac       0x48 /Applications/STM32CubeIDE.app/Contents/Eclipse/plugins/com.st.stm32cube.ide.mcu.externaltools.gnu-tools-for-stm32.9-2020-q2-update.macos64_2.0.0.202105311346/tools/bin/../lib/gcc/arm-none-eabi/9.3.1/../../../../arm-none-eabi/lib/thumb/v7e-m/nofp/libc_nano.a(lib_a-init.o)
                0x000000000800d9ac                __libc_init_array
 .text.__retarget_lock_acquire_recursive