stm32wlxx_ll_bus.h:449:22:LL_AHB2_GRP1_EnableClock	24	static
main.c:138:5:main	8	static
main.c:225:6:SystemClock_Config	112	static
main.c:261:13:MX_ADC_Init	8	static
main.c:305:13:MX_I2C1_Init	8	static
main.c:348:13:MX_LPUART1_UART_Init	8	static
main.c:393:6:MX_SUBGHZ_Init	8	static
main.c:417:13:MX_GPIO_Init	32	static
main.c:457:13:sensor_error	16	static
main.c:473:16:i2c_bus_scan	16	static
main.c:494:16:init_lsm6dslm	24	static
main.c:635:16:get_lsm6dslm	56	static
main.c:709:16:si7051_init	24	static
main.c:731:16:set_conversion_si7051	24	static
main.c:750:16:get_si7051	40	static
main.c:781:6:StartRadioTask	16	static
main.c:831:6:StartMainTask	32	static
main.c:912:6:HAL_TIM_PeriodElapsedCallback	16	static
main.c:928:6:Error_Handler	4	static,ignoring_inline_asm
