stm32wlxx_ll_bus.h:449:22:LL_AHB2_GRP1_EnableClock	24	static
stm32wlxx_ll_bus.h:914:22:LL_APB1_GRP1_EnableClock	24	static
stm32wlxx_ll_bus.h:935:22:LL_APB1_GRP2_EnableClock	24	static
stm32wlxx_ll_bus.h:1018:22:LL_APB1_GRP1_DisableClock	16	static
stm32wlxx_ll_bus.h:1034:22:LL_APB1_GRP2_DisableClock	16	static
stm32wlxx_ll_bus.h:1303:22:LL_APB2_GRP1_EnableClock	24	static
stm32wlxx_ll_bus.h:1351:22:LL_APB2_GRP1_DisableClock	16	static
stm32wlxx_ll_bus.h:1488:22:LL_APB3_GRP1_EnableClock	24	static
stm32wlxx_ll_bus.h:1516:22:LL_APB3_GRP1_DisableClock	16	static
stm32wlxx_hal_msp.c:63:6:HAL_MspInit	8	static
stm32wlxx_hal_msp.c:84:6:HAL_ADC_MspInit	40	static
stm32wlxx_hal_msp.c:117:6:HAL_ADC_MspDeInit	16	static
stm32wlxx_hal_msp.c:145:6:HAL_I2C_MspInit	96	static
stm32wlxx_hal_msp.c:190:6:HAL_I2C_MspDeInit	16	static
stm32wlxx_hal_msp.c:221:6:HAL_UART_MspInit	96	static
stm32wlxx_hal_msp.c:267:6:HAL_UART_MspDeInit	16	static
stm32wlxx_hal_msp.c:296:6:HAL_SUBGHZ_MspInit	16	static
stm32wlxx_hal_msp.c:318:6:HAL_SUBGHZ_MspDeInit	16	static
